

================================================================
== Vivado HLS Report for 'owcpa_enc'
================================================================
* Date:           Tue Aug 25 19:04:15 2020

* Version:        2018.3 (Build 2405991 on Thu Dec 06 23:56:15 MST 2018)
* Project:        ntru21
* Solution:       enc
* Product family: artix7
* Target device:  xc7a200tfbg676-2


================================================================
== Performance Estimates
================================================================
+ Timing (ns): 
    * Summary: 
    +--------+-------+----------+------------+
    |  Clock | Target| Estimated| Uncertainty|
    +--------+-------+----------+------------+
    |ap_clk  |  10.00|     9.122|        1.25|
    +--------+-------+----------+------------+

+ Latency (clock cycles): 
    * Summary: 
    +-------+---------+-------+---------+---------+
    |     Latency     |     Interval    | Pipeline|
    |  min  |   max   |  min  |   max   |   Type  |
    +-------+---------+-------+---------+---------+
    |  17412|  4056732|  17412|  4056732|   none  |
    +-------+---------+-------+---------+---------+

    + Detail: 
        * Instance: 
        +---------------------------------+----------------------+------+---------+------+---------+---------+
        |                                 |                      |     Latency    |    Interval    | Pipeline|
        |             Instance            |        Module        |  min |   max   |  min |   max   |   Type  |
        +---------------------------------+----------------------+------+---------+------+---------+---------+
        |grp_poly_S3_frombytes_fu_250     |poly_S3_frombytes     |   985|      985|   985|      985|   none  |
        |grp_poly_Rq_mul_fu_261           |poly_Rq_mul           |  5748|  4045068|  5748|  4045068|   none  |
        |grp_poly_Rq_sum_zero_fro_fu_268  |poly_Rq_sum_zero_fro  |  2872|     2872|  2872|     2872|   none  |
        +---------------------------------+----------------------+------+---------+------+---------+---------+

        * Loop: 
        +----------+------+------+----------+-----------+-----------+------+----------+
        |          |   Latency   | Iteration|  Initiation Interval  | Trip |          |
        | Loop Name|  min |  max |  Latency |  achieved |   target  | Count| Pipelined|
        +----------+------+------+----------+-----------+-----------+------+----------+
        |- Loop 1  |  1642|  1642|         2|          -|          -|   821|    no    |
        |- Loop 2  |  1642|  1642|         2|          -|          -|   821|    no    |
        |- Loop 3  |  1642|  1642|         2|          -|          -|   821|    no    |
        |- Loop 4  |  1642|  1642|         2|          -|          -|   821|    no    |
        |- Loop 5  |  1230|  1230|         3|          -|          -|   410|    no    |
        +----------+------+------+----------+-----------+-----------+------+----------+



================================================================
== Utilization Estimates
================================================================
* Summary: 
+-----------------+---------+-------+--------+--------+
|       Name      | BRAM_18K| DSP48E|   FF   |   LUT  |
+-----------------+---------+-------+--------+--------+
|DSP              |        -|      -|       -|       -|
|Expression       |        -|      -|       0|     307|
|FIFO             |        -|      -|       -|       -|
|Instance         |        -|      2|     348|    1340|
|Memory           |        3|      -|       0|       0|
|Multiplexer      |        -|      -|       -|     471|
|Register         |        -|      -|     177|       -|
+-----------------+---------+-------+--------+--------+
|Total            |        3|      2|     525|    2118|
+-----------------+---------+-------+--------+--------+
|Available        |      730|    740|  269200|  129000|
+-----------------+---------+-------+--------+--------+
|Utilization (%)  |    ~0   |   ~0  |   ~0   |       1|
+-----------------+---------+-------+--------+--------+

+ Detail: 
    * Instance: 
    +---------------------------------+----------------------+---------+-------+-----+-----+
    |             Instance            |        Module        | BRAM_18K| DSP48E|  FF | LUT |
    +---------------------------------+----------------------+---------+-------+-----+-----+
    |grp_poly_Rq_mul_fu_261           |poly_Rq_mul           |        0|      2|  167|  332|
    |grp_poly_Rq_sum_zero_fro_fu_268  |poly_Rq_sum_zero_fro  |        0|      0|   81|  327|
    |grp_poly_S3_frombytes_fu_250     |poly_S3_frombytes     |        0|      0|  100|  681|
    +---------------------------------+----------------------+---------+-------+-----+-----+
    |Total                            |                      |        0|      2|  348| 1340|
    +---------------------------------+----------------------+---------+-------+-----+-----+

    * DSP48: 
    N/A

    * Memory: 
    +-------------+---------------------+---------+---+----+------+-----+------+-------------+
    |    Memory   |        Module       | BRAM_18K| FF| LUT| Words| Bits| Banks| W*Bits*Banks|
    +-------------+---------------------+---------+---+----+------+-----+------+-------------+
    |x1_coeffs_U  |owcpa_enc_x1_coeffs  |        1|  0|   0|   821|   16|     1|        13136|
    |x2_coeffs_U  |owcpa_enc_x2_coeffs  |        1|  0|   0|   821|   16|     1|        13136|
    |x3_coeffs_U  |owcpa_enc_x3_coeffs  |        1|  0|   0|   821|   16|     1|        13136|
    +-------------+---------------------+---------+---+----+------+-----+------+-------------+
    |Total        |                     |        3|  0|   0|  2463|   48|     3|        39408|
    +-------------+---------------------+---------+---+----+------+-----+------+-------------+

    * FIFO: 
    N/A

    * Expression: 
    +---------------------------------+----------+-------+---+----+------------+------------+
    |          Variable Name          | Operation| DSP48E| FF| LUT| Bitwidth P0| Bitwidth P1|
    +---------------------------------+----------+-------+---+----+------------+------------+
    |i_15_fu_282_p2                   |     +    |      0|  0|  17|          10|           1|
    |i_16_fu_344_p2                   |     +    |      0|  0|  17|          10|           1|
    |i_17_fu_361_p2                   |     +    |      0|  0|  17|          10|           1|
    |i_18_fu_423_p2                   |     +    |      0|  0|  17|          10|           1|
    |i_19_fu_464_p2                   |     +    |      0|  0|  16|           9|           1|
    |tmp_117_i_i_fu_554_p2            |     +    |      0|  0|  19|           1|          12|
    |tmp_121_i_i_fu_578_p2            |     +    |      0|  0|  19|           2|          12|
    |tmp_cast_fu_443_p2               |     +    |      0|  0|  19|          12|          12|
    |tmp_105_i_cast_fu_303_p2         |     -    |      0|  0|  19|           1|          12|
    |tmp_105_i_i_cast_fu_382_p2       |     -    |      0|  0|  19|           1|          12|
    |tmp_109_i_i_fu_495_p2            |     -    |      0|  0|  19|          12|          12|
    |exitcond_fu_417_p2               |   icmp   |      0|  0|  13|          10|           9|
    |exitcond_i5_fu_338_p2            |   icmp   |      0|  0|  13|          10|           9|
    |exitcond_i_fu_276_p2             |   icmp   |      0|  0|  13|          10|           9|
    |exitcond_i_i9_fu_458_p2          |   icmp   |      0|  0|  13|           9|           8|
    |exitcond_i_i_fu_355_p2           |   icmp   |      0|  0|  13|          10|           9|
    |ap_block_state2_on_subcall_done  |    or    |      0|  0|   2|           1|           1|
    |c_d1                             |    or    |      0|  0|   8|           8|           8|
    |tmp_111_i_i_fu_501_p2            |    or    |      0|  0|  10|          10|           1|
    |tmp_30_fu_313_p2                 |    or    |      0|  0|  12|          12|          12|
    |tmp_34_fu_392_p2                 |    or    |      0|  0|  12|          12|          12|
    +---------------------------------+----------+-------+---+----+------------+------------+
    |Total                            |          |      0|  0| 307|         170|         155|
    +---------------------------------+----------+-------+---+----+------------+------------+

    * Multiplexer: 
    +-----------------------------------------+----+-----------+-----+-----------+
    |                   Name                  | LUT| Input Size| Bits| Total Bits|
    +-----------------------------------------+----+-----------+-----+-----------+
    |ap_NS_fsm                                |  85|         17|    1|         17|
    |c_address0                               |  15|          3|   11|         33|
    |c_d0                                     |  15|          3|    8|         24|
    |grp_poly_S3_frombytes_fu_250_msg_offset  |  15|          3|   10|         30|
    |i_i4_reg_206                             |   9|          2|   10|         20|
    |i_i_i8_reg_239                           |   9|          2|    9|         18|
    |i_i_i_reg_217                            |   9|          2|   10|         20|
    |i_i_reg_195                              |   9|          2|   10|         20|
    |i_reg_228                                |   9|          2|   10|         20|
    |rm_ce0                                   |   9|          2|    1|          2|
    |x1_coeffs_address0                       |  38|          7|   10|         70|
    |x1_coeffs_ce0                            |  21|          4|    1|          4|
    |x1_coeffs_ce1                            |   9|          2|    1|          2|
    |x1_coeffs_d0                             |  21|          4|   16|         64|
    |x1_coeffs_we0                            |  15|          3|    1|          3|
    |x1_coeffs_we1                            |   9|          2|    1|          2|
    |x2_coeffs_address0                       |  33|          6|   10|         60|
    |x2_coeffs_ce0                            |  21|          4|    1|          4|
    |x2_coeffs_ce1                            |   9|          2|    1|          2|
    |x2_coeffs_d0                             |  15|          3|   16|         48|
    |x2_coeffs_we0                            |  15|          3|    1|          3|
    |x2_coeffs_we1                            |   9|          2|    1|          2|
    |x3_coeffs_address0                       |  27|          5|   10|         50|
    |x3_coeffs_ce0                            |  15|          3|    1|          3|
    |x3_coeffs_d0                             |  15|          3|   16|         48|
    |x3_coeffs_we0                            |  15|          3|    1|          3|
    +-----------------------------------------+----+-----------+-----+-----------+
    |Total                                    | 471|         94|  168|        572|
    +-----------------------------------------+----+-----------+-----+-----------+

    * Register: 
    +----------------------------------------------+----+----+-----+-----------+
    |                     Name                     | FF | LUT| Bits| Const Bits|
    +----------------------------------------------+----+----+-----+-----------+
    |ap_CS_fsm                                     |  16|   0|   16|          0|
    |ct_coeffs_addr_reg_644                        |  10|   0|   10|          0|
    |grp_poly_Rq_mul_fu_261_ap_start_reg           |   1|   0|    1|          0|
    |grp_poly_Rq_sum_zero_fro_fu_268_ap_start_reg  |   1|   0|    1|          0|
    |grp_poly_S3_frombytes_fu_250_ap_start_reg     |   1|   0|    1|          0|
    |i_15_reg_595                                  |  10|   0|   10|          0|
    |i_16_reg_608                                  |  10|   0|   10|          0|
    |i_17_reg_626                                  |  10|   0|   10|          0|
    |i_18_reg_639                                  |  10|   0|   10|          0|
    |i_19_reg_657                                  |   9|   0|    9|          0|
    |i_i4_reg_206                                  |  10|   0|   10|          0|
    |i_i_i8_reg_239                                |   9|   0|    9|          0|
    |i_i_i_reg_217                                 |  10|   0|   10|          0|
    |i_i_reg_195                                   |  10|   0|   10|          0|
    |i_reg_228                                     |  10|   0|   10|          0|
    |liftm_coeffs_addr_1_reg_631                   |  10|   0|   10|          0|
    |m_coeffs_addr_reg_600                         |  10|   0|   10|          0|
    |tmp_109_i_i_reg_667                           |  12|   0|   12|          0|
    |tmp_120_i_i_reg_679                           |   8|   0|    8|          0|
    |tmp_i6_reg_613                                |  10|   0|   64|         54|
    +----------------------------------------------+----+----+-----+-----------+
    |Total                                         | 177|   0|  231|         54|
    +----------------------------------------------+----+----+-----+-----------+



================================================================
== Interface
================================================================
* Summary: 
+-------------+-----+-----+------------+--------------+--------------+
|  RTL Ports  | Dir | Bits|  Protocol  | Source Object|    C Type    |
+-------------+-----+-----+------------+--------------+--------------+
|ap_clk       |  in |    1| ap_ctrl_hs |   owcpa_enc  | return value |
|ap_rst       |  in |    1| ap_ctrl_hs |   owcpa_enc  | return value |
|ap_start     |  in |    1| ap_ctrl_hs |   owcpa_enc  | return value |
|ap_done      | out |    1| ap_ctrl_hs |   owcpa_enc  | return value |
|ap_idle      | out |    1| ap_ctrl_hs |   owcpa_enc  | return value |
|ap_ready     | out |    1| ap_ctrl_hs |   owcpa_enc  | return value |
|c_address0   | out |   11|  ap_memory |       c      |     array    |
|c_ce0        | out |    1|  ap_memory |       c      |     array    |
|c_we0        | out |    1|  ap_memory |       c      |     array    |
|c_d0         | out |    8|  ap_memory |       c      |     array    |
|c_address1   | out |   11|  ap_memory |       c      |     array    |
|c_ce1        | out |    1|  ap_memory |       c      |     array    |
|c_we1        | out |    1|  ap_memory |       c      |     array    |
|c_d1         | out |    8|  ap_memory |       c      |     array    |
|rm_address0  | out |    9|  ap_memory |      rm      |     array    |
|rm_ce0       | out |    1|  ap_memory |      rm      |     array    |
|rm_q0        |  in |    8|  ap_memory |      rm      |     array    |
|pk_address0  | out |   11|  ap_memory |      pk      |     array    |
|pk_ce0       | out |    1|  ap_memory |      pk      |     array    |
|pk_q0        |  in |    8|  ap_memory |      pk      |     array    |
|pk_address1  | out |   11|  ap_memory |      pk      |     array    |
|pk_ce1       | out |    1|  ap_memory |      pk      |     array    |
|pk_q1        |  in |    8|  ap_memory |      pk      |     array    |
+-------------+-----+-----+------------+--------------+--------------+

