

================================================================
== Vivado HLS Report for 'poly_S3_tobytes'
================================================================
* Date:           Tue Aug 25 12:31:06 2020

* Version:        2018.3 (Build 2405991 on Thu Dec 06 23:56:15 MST 2018)
* Project:        ntru77
* Solution:       keypair
* Product family: artix7
* Target device:  xc7a200tfbg676-2


================================================================
== Performance Estimates
================================================================
+ Timing (ns): 
    * Summary: 
    +--------+-------+----------+------------+
    |  Clock | Target| Estimated| Uncertainty|
    +--------+-------+----------+------------+
    |ap_clk  |  10.00|     6.271|        1.25|
    +--------+-------+----------+------------+

+ Latency (clock cycles): 
    * Summary: 
    +-----+-----+-----+-----+---------+
    |  Latency  |  Interval | Pipeline|
    | min | max | min | max |   Type  |
    +-----+-----+-----+-----+---------+
    |  677|  677|  677|  677|   none  |
    +-----+-----+-----+-----+---------+

    + Detail: 
        * Instance: 
        N/A

        * Loop: 
        +----------+-----+-----+----------+-----------+-----------+------+----------+
        |          |  Latency  | Iteration|  Initiation Interval  | Trip |          |
        | Loop Name| min | max |  Latency |  achieved |   target  | Count| Pipelined|
        +----------+-----+-----+----------+-----------+-----------+------+----------+
        |- Loop 1  |  675|  675|         5|          -|          -|   135|    no    |
        +----------+-----+-----+----------+-----------+-----------+------+----------+



================================================================
== Utilization Estimates
================================================================
* Summary: 
+-----------------+---------+-------+--------+--------+
|       Name      | BRAM_18K| DSP48E|   FF   |   LUT  |
+-----------------+---------+-------+--------+--------+
|DSP              |        -|      -|       -|       -|
|Expression       |        -|      -|       0|     239|
|FIFO             |        -|      -|       -|       -|
|Instance         |        -|      -|       -|       -|
|Memory           |        -|      -|       -|       -|
|Multiplexer      |        -|      -|       -|     122|
|Register         |        -|      -|      83|       -|
+-----------------+---------+-------+--------+--------+
|Total            |        0|      0|      83|     361|
+-----------------+---------+-------+--------+--------+
|Available        |      730|    740|  269200|  129000|
+-----------------+---------+-------+--------+--------+
|Utilization (%)  |        0|      0|   ~0   |   ~0   |
+-----------------+---------+-------+--------+--------+

+ Detail: 
    * Instance: 
    N/A

    * DSP48: 
    N/A

    * Memory: 
    N/A

    * FIFO: 
    N/A

    * Expression: 
    +--------------------+----------+-------+---+----+------------+------------+
    |    Variable Name   | Operation| DSP48E| FF| LUT| Bitwidth P0| Bitwidth P1|
    +--------------------+----------+-------+---+----+------------+------------+
    |c_1_fu_221_p2       |     +    |      0|  0|  12|           8|           8|
    |c_2_fu_260_p2       |     +    |      0|  0|  12|           8|           8|
    |c_3_fu_294_p2       |     +    |      0|  0|  12|           8|           8|
    |c_4_fu_314_p2       |     +    |      0|  0|  12|           8|           8|
    |i_9_fu_153_p2       |     +    |      0|  0|  15|           8|           1|
    |sum2_fu_329_p2      |     +    |      0|  0|  16|           8|           9|
    |sum_fu_241_p2       |     +    |      0|  0|  16|           9|           9|
    |tmp_159_fu_184_p2   |     +    |      0|  0|  17|           2|          10|
    |tmp_163_fu_227_p2   |     +    |      0|  0|  17|           2|          10|
    |tmp_167_fu_266_p2   |     +    |      0|  0|  17|           1|          10|
    |tmp_fu_167_p2       |     +    |      0|  0|  17|          10|          10|
    |tmp_s_fu_173_p2     |     +    |      0|  0|  17|           3|          10|
    |tmp_158_fu_211_p2   |     -    |      0|  0|  12|           8|           8|
    |tmp_161_fu_251_p2   |     -    |      0|  0|  12|           8|           8|
    |tmp_165_fu_285_p2   |     -    |      0|  0|  12|           8|           8|
    |tmp_169_fu_309_p2   |     -    |      0|  0|  12|           8|           8|
    |exitcond_fu_147_p2  |   icmp   |      0|  0|  11|           8|           8|
    +--------------------+----------+-------+---+----+------------+------------+
    |Total               |          |      0|  0| 239|         115|         141|
    +--------------------+----------+-------+---+----+------------+------------+

    * Multiplexer: 
    +-------------------+----+-----------+-----+-----------+
    |        Name       | LUT| Input Size| Bits| Total Bits|
    +-------------------+----+-----------+-----+-----------+
    |a_coeffs_address0  |  21|          4|   10|         40|
    |a_coeffs_address1  |  21|          4|   10|         40|
    |ap_NS_fsm          |  41|          8|    1|          8|
    |i_reg_127          |   9|          2|    8|         16|
    |msg_address0       |  15|          3|   11|         33|
    |msg_d0             |  15|          3|    8|         24|
    +-------------------+----+-----------+-----+-----------+
    |Total              | 122|         24|   48|        161|
    +-------------------+----+-----------+-----+-----------+

    * Register: 
    +-----------------+----+----+-----+-----------+
    |       Name      | FF | LUT| Bits| Const Bits|
    +-----------------+----+----+-----+-----------+
    |ap_CS_fsm        |   7|   0|    7|          0|
    |c_1_reg_375      |   8|   0|    8|          0|
    |c_2_reg_391      |   8|   0|    8|          0|
    |c_3_reg_407      |   8|   0|    8|          0|
    |i_9_reg_348      |   8|   0|    8|          0|
    |i_reg_127        |   8|   0|    8|          0|
    |sum_reg_386      |   9|   0|    9|          0|
    |tmp_162_reg_339  |   9|   0|    9|          0|
    |tmp_180_reg_413  |   8|   0|    8|          0|
    |tmp_reg_353      |  10|   0|   10|          0|
    +-----------------+----+----+-----+-----------+
    |Total            |  83|   0|   83|          0|
    +-----------------+----+----+-----+-----------+



================================================================
== Interface
================================================================
* Summary: 
+-------------------+-----+-----+------------+-----------------+--------------+
|     RTL Ports     | Dir | Bits|  Protocol  |  Source Object  |    C Type    |
+-------------------+-----+-----+------------+-----------------+--------------+
|ap_clk             |  in |    1| ap_ctrl_hs | poly_S3_tobytes | return value |
|ap_rst             |  in |    1| ap_ctrl_hs | poly_S3_tobytes | return value |
|ap_start           |  in |    1| ap_ctrl_hs | poly_S3_tobytes | return value |
|ap_done            | out |    1| ap_ctrl_hs | poly_S3_tobytes | return value |
|ap_idle            | out |    1| ap_ctrl_hs | poly_S3_tobytes | return value |
|ap_ready           | out |    1| ap_ctrl_hs | poly_S3_tobytes | return value |
|msg_address0       | out |   11|  ap_memory |       msg       |     array    |
|msg_ce0            | out |    1|  ap_memory |       msg       |     array    |
|msg_we0            | out |    1|  ap_memory |       msg       |     array    |
|msg_d0             | out |    8|  ap_memory |       msg       |     array    |
|msg_offset         |  in |   10|   ap_none  |    msg_offset   |    scalar    |
|a_coeffs_address0  | out |   10|  ap_memory |     a_coeffs    |     array    |
|a_coeffs_ce0       | out |    1|  ap_memory |     a_coeffs    |     array    |
|a_coeffs_q0        |  in |   16|  ap_memory |     a_coeffs    |     array    |
|a_coeffs_address1  | out |   10|  ap_memory |     a_coeffs    |     array    |
|a_coeffs_ce1       | out |    1|  ap_memory |     a_coeffs    |     array    |
|a_coeffs_q1        |  in |   16|  ap_memory |     a_coeffs    |     array    |
+-------------------+-----+-----+------------+-----------------+--------------+

============================================================
+ Verbose Summary: Synthesis Manager
============================================================
InlineROM: 1
ExposeGlobal: 1
============================================================
+ Verbose Summary: CDFG Model
============================================================
IsTopModel: 0
ResetActiveHigh: 1
IsCombinational: 2
IsDatapathOnly: 2
HasWiredReturn: 1
HasMFsm: 0
HasVarLatency: 1
IsPipeline: 0
IsRtlPipelined: 0
IsInstanceOverlapped: 0
IsDontTouch: 0
HasImplIP: 0
IsGatedGlobalClock: 0


============================================================
+ Verbose Summary: Schedule
============================================================
* Number of FSM states : 7
* Pipeline : 0
* Dataflow Pipeline: 0

* FSM state transitions: 
1 --> 
	2  / true
2 --> 
	3  / (!exitcond)
	7  / (exitcond)
3 --> 
	4  / true
4 --> 
	5  / true
5 --> 
	6  / true
6 --> 
	2  / true
7 --> 

* FSM state operations: 

State 1 <SV = 0> <Delay = 1.35>
ST_1 : Operation 8 [1/1] (0.00ns)   --->   "call void (...)* @_ssdm_op_SpecBRAMWithByteEnable([677 x i16]* %a_coeffs)"   --->   Operation 8 'specbramwithbyteenable' <Predicate = true> <Delay = 0.00>
ST_1 : Operation 9 [1/1] (0.00ns)   --->   "%msg_offset_read = call i10 @_ssdm_op_Read.ap_auto.i10(i10 %msg_offset)" [pack3.c:3]   --->   Operation 9 'read' 'msg_offset_read' <Predicate = true> <Delay = 0.00>
ST_1 : Operation 10 [1/1] (0.00ns)   --->   "%tmp_162 = trunc i10 %msg_offset_read to i9" [pack3.c:18]   --->   Operation 10 'trunc' 'tmp_162' <Predicate = true> <Delay = 0.00>
ST_1 : Operation 11 [1/1] (1.35ns)   --->   "br label %1" [pack3.c:11]   --->   Operation 11 'br' <Predicate = true> <Delay = 1.35>

State 2 <SV = 1> <Delay = 6.27>
ST_2 : Operation 12 [1/1] (0.00ns)   --->   "%i = phi i8 [ 0, %0 ], [ %i_9, %2 ]"   --->   Operation 12 'phi' 'i' <Predicate = true> <Delay = 0.00>
ST_2 : Operation 13 [1/1] (0.00ns)   --->   "%i_cast1 = zext i8 %i to i10" [pack3.c:11]   --->   Operation 13 'zext' 'i_cast1' <Predicate = true> <Delay = 0.00>
ST_2 : Operation 14 [1/1] (1.24ns)   --->   "%exitcond = icmp eq i8 %i, -121" [pack3.c:11]   --->   Operation 14 'icmp' 'exitcond' <Predicate = true> <Delay = 1.24> <Core = "Cmp">   --->   Core 25 'Cmp' <Latency = 0> <II = 1> <Delay = 1.24> <FuncUnit> <Opcode : 'icmp'> <InPorts = 2> <OutPorts = 1>
ST_2 : Operation 15 [1/1] (0.00ns)   --->   "%empty = call i32 (...)* @_ssdm_op_SpecLoopTripCount(i64 135, i64 135, i64 135)"   --->   Operation 15 'speclooptripcount' 'empty' <Predicate = true> <Delay = 0.00>
ST_2 : Operation 16 [1/1] (1.71ns)   --->   "%i_9 = add i8 %i, 1" [pack3.c:11]   --->   Operation 16 'add' 'i_9' <Predicate = true> <Delay = 1.71> <Core = "AddSub">   --->   Core 14 'AddSub' <Latency = 0> <II = 1> <Delay = 1.74> <FuncUnit> <Opcode : 'add' 'sub'> <InPorts = 2> <OutPorts = 1>
ST_2 : Operation 17 [1/1] (0.00ns)   --->   "br i1 %exitcond, label %.preheader.0, label %2" [pack3.c:11]   --->   Operation 17 'br' <Predicate = true> <Delay = 0.00>
ST_2 : Operation 18 [1/1] (0.00ns)   --->   "%p_shl7 = call i10 @_ssdm_op_BitConcatenate.i10.i8.i2(i8 %i, i2 0)" [pack3.c:13]   --->   Operation 18 'bitconcatenate' 'p_shl7' <Predicate = (!exitcond)> <Delay = 0.00>
ST_2 : Operation 19 [1/1] (1.74ns)   --->   "%tmp = add i10 %p_shl7, %i_cast1" [pack3.c:13]   --->   Operation 19 'add' 'tmp' <Predicate = (!exitcond)> <Delay = 1.74> <Core = "AddSub">   --->   Core 14 'AddSub' <Latency = 0> <II = 1> <Delay = 1.74> <FuncUnit> <Opcode : 'add' 'sub'> <InPorts = 2> <OutPorts = 1>
ST_2 : Operation 20 [1/1] (1.74ns)   --->   "%tmp_s = add i10 4, %tmp" [pack3.c:13]   --->   Operation 20 'add' 'tmp_s' <Predicate = (!exitcond)> <Delay = 1.74> <Core = "AddSub">   --->   Core 14 'AddSub' <Latency = 0> <II = 1> <Delay = 1.74> <FuncUnit> <Opcode : 'add' 'sub'> <InPorts = 2> <OutPorts = 1>
ST_2 : Operation 21 [1/1] (0.00ns)   --->   "%tmp_157 = zext i10 %tmp_s to i64" [pack3.c:13]   --->   Operation 21 'zext' 'tmp_157' <Predicate = (!exitcond)> <Delay = 0.00>
ST_2 : Operation 22 [1/1] (0.00ns)   --->   "%a_coeffs_addr = getelementptr [677 x i16]* %a_coeffs, i64 0, i64 %tmp_157" [pack3.c:13]   --->   Operation 22 'getelementptr' 'a_coeffs_addr' <Predicate = (!exitcond)> <Delay = 0.00>
ST_2 : Operation 23 [2/2] (2.77ns)   --->   "%a_coeffs_load = load i16* %a_coeffs_addr, align 2" [pack3.c:13]   --->   Operation 23 'load' 'a_coeffs_load' <Predicate = (!exitcond)> <Delay = 2.77> <Core = "RAM">   --->   Core 37 'RAM' <Latency = 1> <II = 1> <Delay = 2.77> <Storage> <Opcode : 'load' 'store'> <Ports = 2> <Width = 16> <Depth = 677> <RAM>
ST_2 : Operation 24 [1/1] (1.74ns)   --->   "%tmp_159 = add i10 3, %tmp" [pack3.c:14]   --->   Operation 24 'add' 'tmp_159' <Predicate = (!exitcond)> <Delay = 1.74> <Core = "AddSub">   --->   Core 14 'AddSub' <Latency = 0> <II = 1> <Delay = 1.74> <FuncUnit> <Opcode : 'add' 'sub'> <InPorts = 2> <OutPorts = 1>
ST_2 : Operation 25 [1/1] (0.00ns)   --->   "%tmp_160 = zext i10 %tmp_159 to i64" [pack3.c:14]   --->   Operation 25 'zext' 'tmp_160' <Predicate = (!exitcond)> <Delay = 0.00>
ST_2 : Operation 26 [1/1] (0.00ns)   --->   "%a_coeffs_addr_4 = getelementptr [677 x i16]* %a_coeffs, i64 0, i64 %tmp_160" [pack3.c:14]   --->   Operation 26 'getelementptr' 'a_coeffs_addr_4' <Predicate = (!exitcond)> <Delay = 0.00>
ST_2 : Operation 27 [2/2] (2.77ns)   --->   "%a_coeffs_load_4 = load i16* %a_coeffs_addr_4, align 2" [pack3.c:14]   --->   Operation 27 'load' 'a_coeffs_load_4' <Predicate = (!exitcond)> <Delay = 2.77> <Core = "RAM">   --->   Core 37 'RAM' <Latency = 1> <II = 1> <Delay = 2.77> <Storage> <Opcode : 'load' 'store'> <Ports = 2> <Width = 16> <Depth = 677> <RAM>
ST_2 : Operation 28 [1/1] (0.00ns)   --->   "%a_coeffs_addr_3 = getelementptr [677 x i16]* %a_coeffs, i64 0, i64 675" [pack3.c:24]   --->   Operation 28 'getelementptr' 'a_coeffs_addr_3' <Predicate = (exitcond)> <Delay = 0.00>
ST_2 : Operation 29 [2/2] (2.77ns)   --->   "%a_coeffs_load_3 = load i16* %a_coeffs_addr_3, align 2" [pack3.c:24]   --->   Operation 29 'load' 'a_coeffs_load_3' <Predicate = (exitcond)> <Delay = 2.77> <Core = "RAM">   --->   Core 37 'RAM' <Latency = 1> <II = 1> <Delay = 2.77> <Storage> <Opcode : 'load' 'store'> <Ports = 2> <Width = 16> <Depth = 677> <RAM>

State 3 <SV = 2> <Delay = 5.79>
ST_3 : Operation 30 [1/2] (2.77ns)   --->   "%a_coeffs_load = load i16* %a_coeffs_addr, align 2" [pack3.c:13]   --->   Operation 30 'load' 'a_coeffs_load' <Predicate = true> <Delay = 2.77> <Core = "RAM">   --->   Core 37 'RAM' <Latency = 1> <II = 1> <Delay = 2.77> <Storage> <Opcode : 'load' 'store'> <Ports = 2> <Width = 16> <Depth = 677> <RAM>
ST_3 : Operation 31 [1/1] (0.00ns)   --->   "%c = trunc i16 %a_coeffs_load to i8" [pack3.c:13]   --->   Operation 31 'trunc' 'c' <Predicate = true> <Delay = 0.00>
ST_3 : Operation 32 [1/1] (0.00ns)   --->   "%tmp_173 = trunc i16 %a_coeffs_load to i6" [pack3.c:13]   --->   Operation 32 'trunc' 'tmp_173' <Predicate = true> <Delay = 0.00>
ST_3 : Operation 33 [1/1] (0.00ns)   --->   "%p_shl6 = call i8 @_ssdm_op_BitConcatenate.i8.i6.i2(i6 %tmp_173, i2 0)" [pack3.c:14]   --->   Operation 33 'bitconcatenate' 'p_shl6' <Predicate = true> <Delay = 0.00>
ST_3 : Operation 34 [1/1] (0.00ns) (grouped into TernaryAdder)   --->   "%tmp_158 = sub i8 %p_shl6, %c" [pack3.c:14]   --->   Operation 34 'sub' 'tmp_158' <Predicate = true> <Delay = 0.00> <Core = "TAddSub">   --->   Core 84 'TAddSub' <Latency = 0> <II = 1> <Delay = 1.58> <IPBlock> <Opcode : 'add' 'sub'> <InPorts = 3> <OutPorts = 1> <Sync> <CReg>
ST_3 : Operation 35 [1/2] (2.77ns)   --->   "%a_coeffs_load_4 = load i16* %a_coeffs_addr_4, align 2" [pack3.c:14]   --->   Operation 35 'load' 'a_coeffs_load_4' <Predicate = true> <Delay = 2.77> <Core = "RAM">   --->   Core 37 'RAM' <Latency = 1> <II = 1> <Delay = 2.77> <Storage> <Opcode : 'load' 'store'> <Ports = 2> <Width = 16> <Depth = 677> <RAM>
ST_3 : Operation 36 [1/1] (0.00ns)   --->   "%tmp_174 = trunc i16 %a_coeffs_load_4 to i8" [pack3.c:14]   --->   Operation 36 'trunc' 'tmp_174' <Predicate = true> <Delay = 0.00>
ST_3 : Operation 37 [1/1] (3.02ns) (root node of TernaryAdder)   --->   "%c_1 = add i8 %tmp_158, %tmp_174" [pack3.c:14]   --->   Operation 37 'add' 'c_1' <Predicate = true> <Delay = 3.02> <Core = "TAddSub">   --->   Core 84 'TAddSub' <Latency = 0> <II = 1> <Delay = 1.58> <IPBlock> <Opcode : 'add' 'sub'> <InPorts = 3> <OutPorts = 1> <Sync> <CReg>
ST_3 : Operation 38 [1/1] (1.74ns)   --->   "%tmp_163 = add i10 2, %tmp" [pack3.c:15]   --->   Operation 38 'add' 'tmp_163' <Predicate = true> <Delay = 1.74> <Core = "AddSub">   --->   Core 14 'AddSub' <Latency = 0> <II = 1> <Delay = 1.74> <FuncUnit> <Opcode : 'add' 'sub'> <InPorts = 2> <OutPorts = 1>
ST_3 : Operation 39 [1/1] (0.00ns)   --->   "%tmp_164 = zext i10 %tmp_163 to i64" [pack3.c:15]   --->   Operation 39 'zext' 'tmp_164' <Predicate = true> <Delay = 0.00>
ST_3 : Operation 40 [1/1] (0.00ns)   --->   "%a_coeffs_addr_5 = getelementptr [677 x i16]* %a_coeffs, i64 0, i64 %tmp_164" [pack3.c:15]   --->   Operation 40 'getelementptr' 'a_coeffs_addr_5' <Predicate = true> <Delay = 0.00>
ST_3 : Operation 41 [2/2] (2.77ns)   --->   "%a_coeffs_load_5 = load i16* %a_coeffs_addr_5, align 2" [pack3.c:15]   --->   Operation 41 'load' 'a_coeffs_load_5' <Predicate = true> <Delay = 2.77> <Core = "RAM">   --->   Core 37 'RAM' <Latency = 1> <II = 1> <Delay = 2.77> <Storage> <Opcode : 'load' 'store'> <Ports = 2> <Width = 16> <Depth = 677> <RAM>
ST_3 : Operation 42 [1/1] (0.00ns)   --->   "%tmp_236_cast = zext i8 %i to i9" [pack3.c:18]   --->   Operation 42 'zext' 'tmp_236_cast' <Predicate = true> <Delay = 0.00>
ST_3 : Operation 43 [1/1] (1.73ns)   --->   "%sum = add i9 %tmp_236_cast, %tmp_162" [pack3.c:18]   --->   Operation 43 'add' 'sum' <Predicate = true> <Delay = 1.73> <Core = "AddSub">   --->   Core 14 'AddSub' <Latency = 0> <II = 1> <Delay = 1.74> <FuncUnit> <Opcode : 'add' 'sub'> <InPorts = 2> <OutPorts = 1>

State 4 <SV = 3> <Delay = 5.79>
ST_4 : Operation 44 [1/1] (0.00ns)   --->   "%tmp_175 = shl i8 %c_1, 2" [pack3.c:15]   --->   Operation 44 'shl' 'tmp_175' <Predicate = true> <Delay = 0.00>
ST_4 : Operation 45 [1/1] (0.00ns) (grouped into TernaryAdder)   --->   "%tmp_161 = sub i8 %tmp_175, %c_1" [pack3.c:15]   --->   Operation 45 'sub' 'tmp_161' <Predicate = true> <Delay = 0.00> <Core = "TAddSub">   --->   Core 84 'TAddSub' <Latency = 0> <II = 1> <Delay = 1.58> <IPBlock> <Opcode : 'add' 'sub'> <InPorts = 3> <OutPorts = 1> <Sync> <CReg>
ST_4 : Operation 46 [1/2] (2.77ns)   --->   "%a_coeffs_load_5 = load i16* %a_coeffs_addr_5, align 2" [pack3.c:15]   --->   Operation 46 'load' 'a_coeffs_load_5' <Predicate = true> <Delay = 2.77> <Core = "RAM">   --->   Core 37 'RAM' <Latency = 1> <II = 1> <Delay = 2.77> <Storage> <Opcode : 'load' 'store'> <Ports = 2> <Width = 16> <Depth = 677> <RAM>
ST_4 : Operation 47 [1/1] (0.00ns)   --->   "%tmp_176 = trunc i16 %a_coeffs_load_5 to i8" [pack3.c:15]   --->   Operation 47 'trunc' 'tmp_176' <Predicate = true> <Delay = 0.00>
ST_4 : Operation 48 [1/1] (3.02ns) (root node of TernaryAdder)   --->   "%c_2 = add i8 %tmp_176, %tmp_161" [pack3.c:15]   --->   Operation 48 'add' 'c_2' <Predicate = true> <Delay = 3.02> <Core = "TAddSub">   --->   Core 84 'TAddSub' <Latency = 0> <II = 1> <Delay = 1.58> <IPBlock> <Opcode : 'add' 'sub'> <InPorts = 3> <OutPorts = 1> <Sync> <CReg>
ST_4 : Operation 49 [1/1] (1.74ns)   --->   "%tmp_167 = add i10 1, %tmp" [pack3.c:16]   --->   Operation 49 'add' 'tmp_167' <Predicate = true> <Delay = 1.74> <Core = "AddSub">   --->   Core 14 'AddSub' <Latency = 0> <II = 1> <Delay = 1.74> <FuncUnit> <Opcode : 'add' 'sub'> <InPorts = 2> <OutPorts = 1>
ST_4 : Operation 50 [1/1] (0.00ns)   --->   "%tmp_168 = zext i10 %tmp_167 to i64" [pack3.c:16]   --->   Operation 50 'zext' 'tmp_168' <Predicate = true> <Delay = 0.00>
ST_4 : Operation 51 [1/1] (0.00ns)   --->   "%a_coeffs_addr_6 = getelementptr [677 x i16]* %a_coeffs, i64 0, i64 %tmp_168" [pack3.c:16]   --->   Operation 51 'getelementptr' 'a_coeffs_addr_6' <Predicate = true> <Delay = 0.00>
ST_4 : Operation 52 [2/2] (2.77ns)   --->   "%a_coeffs_load_6 = load i16* %a_coeffs_addr_6, align 2" [pack3.c:16]   --->   Operation 52 'load' 'a_coeffs_load_6' <Predicate = true> <Delay = 2.77> <Core = "RAM">   --->   Core 37 'RAM' <Latency = 1> <II = 1> <Delay = 2.77> <Storage> <Opcode : 'load' 'store'> <Ports = 2> <Width = 16> <Depth = 677> <RAM>
ST_4 : Operation 53 [1/1] (0.00ns)   --->   "%tmp_170 = zext i10 %tmp to i64" [pack3.c:17]   --->   Operation 53 'zext' 'tmp_170' <Predicate = true> <Delay = 0.00>
ST_4 : Operation 54 [1/1] (0.00ns)   --->   "%a_coeffs_addr_7 = getelementptr [677 x i16]* %a_coeffs, i64 0, i64 %tmp_170" [pack3.c:17]   --->   Operation 54 'getelementptr' 'a_coeffs_addr_7' <Predicate = true> <Delay = 0.00>
ST_4 : Operation 55 [2/2] (2.77ns)   --->   "%a_coeffs_load_7 = load i16* %a_coeffs_addr_7, align 2" [pack3.c:17]   --->   Operation 55 'load' 'a_coeffs_load_7' <Predicate = true> <Delay = 2.77> <Core = "RAM">   --->   Core 37 'RAM' <Latency = 1> <II = 1> <Delay = 2.77> <Storage> <Opcode : 'load' 'store'> <Ports = 2> <Width = 16> <Depth = 677> <RAM>

State 5 <SV = 4> <Delay = 5.79>
ST_5 : Operation 56 [1/1] (0.00ns)   --->   "%tmp_177 = shl i8 %c_2, 2" [pack3.c:16]   --->   Operation 56 'shl' 'tmp_177' <Predicate = true> <Delay = 0.00>
ST_5 : Operation 57 [1/1] (0.00ns) (grouped into TernaryAdder)   --->   "%tmp_165 = sub i8 %tmp_177, %c_2" [pack3.c:16]   --->   Operation 57 'sub' 'tmp_165' <Predicate = true> <Delay = 0.00> <Core = "TAddSub">   --->   Core 84 'TAddSub' <Latency = 0> <II = 1> <Delay = 1.58> <IPBlock> <Opcode : 'add' 'sub'> <InPorts = 3> <OutPorts = 1> <Sync> <CReg>
ST_5 : Operation 58 [1/2] (2.77ns)   --->   "%a_coeffs_load_6 = load i16* %a_coeffs_addr_6, align 2" [pack3.c:16]   --->   Operation 58 'load' 'a_coeffs_load_6' <Predicate = true> <Delay = 2.77> <Core = "RAM">   --->   Core 37 'RAM' <Latency = 1> <II = 1> <Delay = 2.77> <Storage> <Opcode : 'load' 'store'> <Ports = 2> <Width = 16> <Depth = 677> <RAM>
ST_5 : Operation 59 [1/1] (0.00ns)   --->   "%tmp_178 = trunc i16 %a_coeffs_load_6 to i8" [pack3.c:16]   --->   Operation 59 'trunc' 'tmp_178' <Predicate = true> <Delay = 0.00>
ST_5 : Operation 60 [1/1] (3.02ns) (root node of TernaryAdder)   --->   "%c_3 = add i8 %tmp_178, %tmp_165" [pack3.c:16]   --->   Operation 60 'add' 'c_3' <Predicate = true> <Delay = 3.02> <Core = "TAddSub">   --->   Core 84 'TAddSub' <Latency = 0> <II = 1> <Delay = 1.58> <IPBlock> <Opcode : 'add' 'sub'> <InPorts = 3> <OutPorts = 1> <Sync> <CReg>
ST_5 : Operation 61 [1/2] (2.77ns)   --->   "%a_coeffs_load_7 = load i16* %a_coeffs_addr_7, align 2" [pack3.c:17]   --->   Operation 61 'load' 'a_coeffs_load_7' <Predicate = true> <Delay = 2.77> <Core = "RAM">   --->   Core 37 'RAM' <Latency = 1> <II = 1> <Delay = 2.77> <Storage> <Opcode : 'load' 'store'> <Ports = 2> <Width = 16> <Depth = 677> <RAM>
ST_5 : Operation 62 [1/1] (0.00ns)   --->   "%tmp_180 = trunc i16 %a_coeffs_load_7 to i8" [pack3.c:17]   --->   Operation 62 'trunc' 'tmp_180' <Predicate = true> <Delay = 0.00>

State 6 <SV = 5> <Delay = 5.79>
ST_6 : Operation 63 [1/1] (0.00ns)   --->   "%tmp_179 = shl i8 %c_3, 2" [pack3.c:17]   --->   Operation 63 'shl' 'tmp_179' <Predicate = true> <Delay = 0.00>
ST_6 : Operation 64 [1/1] (0.00ns) (grouped into TernaryAdder)   --->   "%tmp_169 = sub i8 %tmp_179, %c_3" [pack3.c:17]   --->   Operation 64 'sub' 'tmp_169' <Predicate = true> <Delay = 0.00> <Core = "TAddSub">   --->   Core 84 'TAddSub' <Latency = 0> <II = 1> <Delay = 1.58> <IPBlock> <Opcode : 'add' 'sub'> <InPorts = 3> <OutPorts = 1> <Sync> <CReg>
ST_6 : Operation 65 [1/1] (3.02ns) (root node of TernaryAdder)   --->   "%c_4 = add i8 %tmp_180, %tmp_169" [pack3.c:17]   --->   Operation 65 'add' 'c_4' <Predicate = true> <Delay = 3.02> <Core = "TAddSub">   --->   Core 84 'TAddSub' <Latency = 0> <II = 1> <Delay = 1.58> <IPBlock> <Opcode : 'add' 'sub'> <InPorts = 3> <OutPorts = 1> <Sync> <CReg>
ST_6 : Operation 66 [1/1] (0.00ns)   --->   "%sum_cast = zext i9 %sum to i64" [pack3.c:18]   --->   Operation 66 'zext' 'sum_cast' <Predicate = true> <Delay = 0.00>
ST_6 : Operation 67 [1/1] (0.00ns)   --->   "%msg_addr_1 = getelementptr [1234 x i8]* %msg, i64 0, i64 %sum_cast" [pack3.c:18]   --->   Operation 67 'getelementptr' 'msg_addr_1' <Predicate = true> <Delay = 0.00>
ST_6 : Operation 68 [1/1] (2.77ns)   --->   "store i8 %c_4, i8* %msg_addr_1, align 1" [pack3.c:18]   --->   Operation 68 'store' <Predicate = true> <Delay = 2.77> <Core = "RAM">   --->   Core 37 'RAM' <Latency = 1> <II = 1> <Delay = 2.77> <Storage> <Opcode : 'load' 'store'> <Ports = 2> <Width = 16> <Depth = 677> <RAM>
ST_6 : Operation 69 [1/1] (0.00ns)   --->   "br label %1" [pack3.c:11]   --->   Operation 69 'br' <Predicate = true> <Delay = 0.00>

State 7 <SV = 2> <Delay = 5.54>
ST_7 : Operation 70 [1/2] (2.77ns)   --->   "%a_coeffs_load_3 = load i16* %a_coeffs_addr_3, align 2" [pack3.c:24]   --->   Operation 70 'load' 'a_coeffs_load_3' <Predicate = true> <Delay = 2.77> <Core = "RAM">   --->   Core 37 'RAM' <Latency = 1> <II = 1> <Delay = 2.77> <Storage> <Opcode : 'load' 'store'> <Ports = 2> <Width = 16> <Depth = 677> <RAM>
ST_7 : Operation 71 [1/1] (0.00ns)   --->   "%tmp_166 = trunc i16 %a_coeffs_load_3 to i8" [pack3.c:24]   --->   Operation 71 'trunc' 'tmp_166' <Predicate = true> <Delay = 0.00>
ST_7 : Operation 72 [1/1] (1.73ns)   --->   "%sum2 = add i9 135, %tmp_162" [pack3.c:25]   --->   Operation 72 'add' 'sum2' <Predicate = true> <Delay = 1.73> <Core = "AddSub">   --->   Core 14 'AddSub' <Latency = 0> <II = 1> <Delay = 1.74> <FuncUnit> <Opcode : 'add' 'sub'> <InPorts = 2> <OutPorts = 1>
ST_7 : Operation 73 [1/1] (0.00ns)   --->   "%sum2_cast = zext i9 %sum2 to i64" [pack3.c:25]   --->   Operation 73 'zext' 'sum2_cast' <Predicate = true> <Delay = 0.00>
ST_7 : Operation 74 [1/1] (0.00ns)   --->   "%msg_addr = getelementptr [1234 x i8]* %msg, i64 0, i64 %sum2_cast" [pack3.c:25]   --->   Operation 74 'getelementptr' 'msg_addr' <Predicate = true> <Delay = 0.00>
ST_7 : Operation 75 [1/1] (2.77ns)   --->   "store i8 %tmp_166, i8* %msg_addr, align 1" [pack3.c:25]   --->   Operation 75 'store' <Predicate = true> <Delay = 2.77> <Core = "RAM">   --->   Core 37 'RAM' <Latency = 1> <II = 1> <Delay = 2.77> <Storage> <Opcode : 'load' 'store'> <Ports = 2> <Width = 16> <Depth = 677> <RAM>
ST_7 : Operation 76 [1/1] (0.00ns)   --->   "ret void" [pack3.c:27]   --->   Operation 76 'ret' <Predicate = true> <Delay = 0.00>


============================================================
+ Verbose Summary: Binding
============================================================
STG Binding: 
---------------- STG Properties BEGIN ----------------
- Is combinational: 0
- Is one-state seq: 0
- Is datapath-only: 0
- Is pipelined: 0
- Is top level: 0
Port [ Return ] is wired: 1; IO mode=ap_ctrl_hs:ce=0
Port [ msg]:  wired=1; compound=1; hidden=0; nouse=0; global=0; static=0; extern=0; dir=1; type=1; pingpong=0; private_global=0; MemPort=[03]; IO mode=ap_memory:ce=0
Port [ msg_offset]:  wired=1; compound=0; hidden=0; nouse=0; global=0; static=0; extern=0; dir=0; type=0; pingpong=0; private_global=0; IO mode=ap_none:ce=0
Port [ a_coeffs]:  wired=1; compound=1; hidden=0; nouse=0; global=0; static=0; extern=0; dir=0; type=1; pingpong=0; private_global=0; MemPort=[11]; IO mode=ap_memory:ce=0
---------------- STG Properties END ------------------

---------------- Datapath Model BEGIN ----------------

<LifeTime>
<method=bitvector/>
StgValue_8      (specbramwithbyteenable) [ 00000000]
msg_offset_read (read                  ) [ 00000000]
tmp_162         (trunc                 ) [ 00111111]
StgValue_11     (br                    ) [ 01111110]
i               (phi                   ) [ 00110000]
i_cast1         (zext                  ) [ 00000000]
exitcond        (icmp                  ) [ 00111110]
empty           (speclooptripcount     ) [ 00000000]
i_9             (add                   ) [ 01111110]
StgValue_17     (br                    ) [ 00000000]
p_shl7          (bitconcatenate        ) [ 00000000]
tmp             (add                   ) [ 00011000]
tmp_s           (add                   ) [ 00000000]
tmp_157         (zext                  ) [ 00000000]
a_coeffs_addr   (getelementptr         ) [ 00010000]
tmp_159         (add                   ) [ 00000000]
tmp_160         (zext                  ) [ 00000000]
a_coeffs_addr_4 (getelementptr         ) [ 00010000]
a_coeffs_addr_3 (getelementptr         ) [ 00000001]
a_coeffs_load   (load                  ) [ 00000000]
c               (trunc                 ) [ 00000000]
tmp_173         (trunc                 ) [ 00000000]
p_shl6          (bitconcatenate        ) [ 00000000]
tmp_158         (sub                   ) [ 00000000]
a_coeffs_load_4 (load                  ) [ 00000000]
tmp_174         (trunc                 ) [ 00000000]
c_1             (add                   ) [ 00001000]
tmp_163         (add                   ) [ 00000000]
tmp_164         (zext                  ) [ 00000000]
a_coeffs_addr_5 (getelementptr         ) [ 00001000]
tmp_236_cast    (zext                  ) [ 00000000]
sum             (add                   ) [ 00001110]
tmp_175         (shl                   ) [ 00000000]
tmp_161         (sub                   ) [ 00000000]
a_coeffs_load_5 (load                  ) [ 00000000]
tmp_176         (trunc                 ) [ 00000000]
c_2             (add                   ) [ 00000100]
tmp_167         (add                   ) [ 00000000]
tmp_168         (zext                  ) [ 00000000]
a_coeffs_addr_6 (getelementptr         ) [ 00000100]
tmp_170         (zext                  ) [ 00000000]
a_coeffs_addr_7 (getelementptr         ) [ 00000100]
tmp_177         (shl                   ) [ 00000000]
tmp_165         (sub                   ) [ 00000000]
a_coeffs_load_6 (load                  ) [ 00000000]
tmp_178         (trunc                 ) [ 00000000]
c_3             (add                   ) [ 00000010]
a_coeffs_load_7 (load                  ) [ 00000000]
tmp_180         (trunc                 ) [ 00000010]
tmp_179         (shl                   ) [ 00000000]
tmp_169         (sub                   ) [ 00000000]
c_4             (add                   ) [ 00000000]
sum_cast        (zext                  ) [ 00000000]
msg_addr_1      (getelementptr         ) [ 00000000]
StgValue_68     (store                 ) [ 00000000]
StgValue_69     (br                    ) [ 01111110]
a_coeffs_load_3 (load                  ) [ 00000000]
tmp_166         (trunc                 ) [ 00000000]
sum2            (add                   ) [ 00000000]
sum2_cast       (zext                  ) [ 00000000]
msg_addr        (getelementptr         ) [ 00000000]
StgValue_75     (store                 ) [ 00000000]
StgValue_76     (ret                   ) [ 00000000]
</LifeTime>

<model>

<comp_list>
<comp id="0" class="1000" name="msg">
<pin_list>
<pin id="1" dir="1" index="0" bw="1" slack="0"/>
</pin_list>
<bind>
<StgValue><ssdm name="msg"/><MemPortTyVec>0 3 </MemPortTyVec>
</StgValue>
</bind>
</comp>

<comp id="2" class="1000" name="msg_offset">
<pin_list>
<pin id="3" dir="1" index="0" bw="1" slack="0"/>
</pin_list>
<bind>
<StgValue><ssdm name="msg_offset"/></StgValue>
</bind>
</comp>

<comp id="4" class="1000" name="a_coeffs">
<pin_list>
<pin id="5" dir="1" index="0" bw="1" slack="0"/>
</pin_list>
<bind>
<StgValue><ssdm name="a_coeffs"/><MemPortTyVec>1 1 </MemPortTyVec>
</StgValue>
</bind>
</comp>

<comp id="6" class="1001" name="const_6">
<pin_list>
<pin id="7" dir="1" index="0" bw="1" slack="2147483647"/>
</pin_list>
<bind>
<StgValue><ssdm name="_ssdm_op_SpecBRAMWithByteEnable"/></StgValue>
</bind>
</comp>

<comp id="8" class="1001" name="const_8">
<pin_list>
<pin id="9" dir="1" index="0" bw="1" slack="0"/>
</pin_list>
<bind>
<StgValue><ssdm name="_ssdm_op_Read.ap_auto.i10"/></StgValue>
</bind>
</comp>

<comp id="10" class="1001" name="const_10">
<pin_list>
<pin id="11" dir="1" index="0" bw="1" slack="1"/>
</pin_list>
<bind>
<StgValue><ssdm name=""/></StgValue>
</bind>
</comp>

<comp id="12" class="1001" name="const_12">
<pin_list>
<pin id="13" dir="1" index="0" bw="1" slack="0"/>
</pin_list>
<bind>
<StgValue><ssdm name=""/></StgValue>
</bind>
</comp>

<comp id="14" class="1001" name="const_14">
<pin_list>
<pin id="15" dir="1" index="0" bw="1" slack="2147483647"/>
</pin_list>
<bind>
<StgValue><ssdm name="_ssdm_op_SpecLoopTripCount"/></StgValue>
</bind>
</comp>

<comp id="16" class="1001" name="const_16">
<pin_list>
<pin id="17" dir="1" index="0" bw="1" slack="2147483647"/>
</pin_list>
<bind>
<StgValue><ssdm name=""/></StgValue>
</bind>
</comp>

<comp id="18" class="1001" name="const_18">
<pin_list>
<pin id="19" dir="1" index="0" bw="1" slack="0"/>
</pin_list>
<bind>
<StgValue><ssdm name=""/></StgValue>
</bind>
</comp>

<comp id="20" class="1001" name="const_20">
<pin_list>
<pin id="21" dir="1" index="0" bw="1" slack="0"/>
</pin_list>
<bind>
<StgValue><ssdm name="_ssdm_op_BitConcatenate.i10.i8.i2"/></StgValue>
</bind>
</comp>

<comp id="22" class="1001" name="const_22">
<pin_list>
<pin id="23" dir="1" index="0" bw="1" slack="0"/>
</pin_list>
<bind>
<StgValue><ssdm name=""/></StgValue>
</bind>
</comp>

<comp id="24" class="1001" name="const_24">
<pin_list>
<pin id="25" dir="1" index="0" bw="1" slack="0"/>
</pin_list>
<bind>
<StgValue><ssdm name=""/></StgValue>
</bind>
</comp>

<comp id="26" class="1001" name="const_26">
<pin_list>
<pin id="27" dir="1" index="0" bw="1" slack="0"/>
</pin_list>
<bind>
<StgValue><ssdm name=""/></StgValue>
</bind>
</comp>

<comp id="28" class="1001" name="const_28">
<pin_list>
<pin id="29" dir="1" index="0" bw="1" slack="0"/>
</pin_list>
<bind>
<StgValue><ssdm name=""/></StgValue>
</bind>
</comp>

<comp id="30" class="1001" name="const_30">
<pin_list>
<pin id="31" dir="1" index="0" bw="1" slack="0"/>
</pin_list>
<bind>
<StgValue><ssdm name=""/></StgValue>
</bind>
</comp>

<comp id="32" class="1001" name="const_32">
<pin_list>
<pin id="33" dir="1" index="0" bw="1" slack="0"/>
</pin_list>
<bind>
<StgValue><ssdm name="_ssdm_op_BitConcatenate.i8.i6.i2"/></StgValue>
</bind>
</comp>

<comp id="34" class="1001" name="const_34">
<pin_list>
<pin id="35" dir="1" index="0" bw="1" slack="0"/>
</pin_list>
<bind>
<StgValue><ssdm name=""/></StgValue>
</bind>
</comp>

<comp id="36" class="1001" name="const_36">
<pin_list>
<pin id="37" dir="1" index="0" bw="1" slack="0"/>
</pin_list>
<bind>
<StgValue><ssdm name=""/></StgValue>
</bind>
</comp>

<comp id="38" class="1001" name="const_38">
<pin_list>
<pin id="39" dir="1" index="0" bw="1" slack="0"/>
</pin_list>
<bind>
<StgValue><ssdm name=""/></StgValue>
</bind>
</comp>

<comp id="40" class="1001" name="const_40">
<pin_list>
<pin id="41" dir="1" index="0" bw="1" slack="0"/>
</pin_list>
<bind>
<StgValue><ssdm name=""/></StgValue>
</bind>
</comp>

<comp id="42" class="1004" name="msg_offset_read_read_fu_42">
<pin_list>
<pin id="43" dir="0" index="0" bw="10" slack="0"/>
<pin id="44" dir="0" index="1" bw="10" slack="0"/>
<pin id="45" dir="1" index="2" bw="10" slack="0"/>
</pin_list>
<bind>
<opcode="read(1150) " fcode="read"/>
<opset="msg_offset_read/1 "/>
</bind>
</comp>

<comp id="48" class="1004" name="a_coeffs_addr_gep_fu_48">
<pin_list>
<pin id="49" dir="0" index="0" bw="16" slack="0"/>
<pin id="50" dir="0" index="1" bw="1" slack="0"/>
<pin id="51" dir="0" index="2" bw="10" slack="0"/>
<pin id="52" dir="1" index="3" bw="10" slack="0"/>
</pin_list>
<bind>
<opcode="getelementptr(29) " fcode="getelementptr"/>
<opset="a_coeffs_addr/2 "/>
</bind>
</comp>

<comp id="55" class="1004" name="grp_access_fu_55">
<pin_list>
<pin id="56" dir="0" index="0" bw="10" slack="0"/>
<pin id="57" dir="0" index="1" bw="16" slack="2147483647"/>
<pin id="58" dir="0" index="2" bw="0" slack="0"/>
<pin id="68" dir="0" index="4" bw="10" slack="2147483647"/>
<pin id="69" dir="0" index="5" bw="16" slack="2147483647"/>
<pin id="70" dir="0" index="6" bw="0" slack="2147483647"/>
<pin id="59" dir="1" index="3" bw="16" slack="0"/>
<pin id="71" dir="1" index="7" bw="16" slack="0"/>
</pin_list>
<bind>
<opcode="load(27) " fcode="load"/>
<opset="a_coeffs_load/2 a_coeffs_load_4/2 a_coeffs_load_3/2 a_coeffs_load_5/3 a_coeffs_load_6/4 a_coeffs_load_7/4 "/>
</bind>
</comp>

<comp id="61" class="1004" name="a_coeffs_addr_4_gep_fu_61">
<pin_list>
<pin id="62" dir="0" index="0" bw="16" slack="0"/>
<pin id="63" dir="0" index="1" bw="1" slack="0"/>
<pin id="64" dir="0" index="2" bw="10" slack="0"/>
<pin id="65" dir="1" index="3" bw="10" slack="0"/>
</pin_list>
<bind>
<opcode="getelementptr(29) " fcode="getelementptr"/>
<opset="a_coeffs_addr_4/2 "/>
</bind>
</comp>

<comp id="73" class="1004" name="a_coeffs_addr_3_gep_fu_73">
<pin_list>
<pin id="74" dir="0" index="0" bw="16" slack="0"/>
<pin id="75" dir="0" index="1" bw="1" slack="0"/>
<pin id="76" dir="0" index="2" bw="11" slack="0"/>
<pin id="77" dir="1" index="3" bw="10" slack="0"/>
</pin_list>
<bind>
<opcode="getelementptr(29) " fcode="getelementptr"/>
<opset="a_coeffs_addr_3/2 "/>
</bind>
</comp>

<comp id="82" class="1004" name="a_coeffs_addr_5_gep_fu_82">
<pin_list>
<pin id="83" dir="0" index="0" bw="16" slack="0"/>
<pin id="84" dir="0" index="1" bw="1" slack="0"/>
<pin id="85" dir="0" index="2" bw="10" slack="0"/>
<pin id="86" dir="1" index="3" bw="10" slack="0"/>
</pin_list>
<bind>
<opcode="getelementptr(29) " fcode="getelementptr"/>
<opset="a_coeffs_addr_5/3 "/>
</bind>
</comp>

<comp id="90" class="1004" name="a_coeffs_addr_6_gep_fu_90">
<pin_list>
<pin id="91" dir="0" index="0" bw="16" slack="0"/>
<pin id="92" dir="0" index="1" bw="1" slack="0"/>
<pin id="93" dir="0" index="2" bw="10" slack="0"/>
<pin id="94" dir="1" index="3" bw="10" slack="0"/>
</pin_list>
<bind>
<opcode="getelementptr(29) " fcode="getelementptr"/>
<opset="a_coeffs_addr_6/4 "/>
</bind>
</comp>

<comp id="98" class="1004" name="a_coeffs_addr_7_gep_fu_98">
<pin_list>
<pin id="99" dir="0" index="0" bw="16" slack="0"/>
<pin id="100" dir="0" index="1" bw="1" slack="0"/>
<pin id="101" dir="0" index="2" bw="10" slack="0"/>
<pin id="102" dir="1" index="3" bw="10" slack="0"/>
</pin_list>
<bind>
<opcode="getelementptr(29) " fcode="getelementptr"/>
<opset="a_coeffs_addr_7/4 "/>
</bind>
</comp>

<comp id="106" class="1004" name="msg_addr_1_gep_fu_106">
<pin_list>
<pin id="107" dir="0" index="0" bw="8" slack="0"/>
<pin id="108" dir="0" index="1" bw="1" slack="0"/>
<pin id="109" dir="0" index="2" bw="9" slack="0"/>
<pin id="110" dir="1" index="3" bw="11" slack="0"/>
</pin_list>
<bind>
<opcode="getelementptr(29) " fcode="getelementptr"/>
<opset="msg_addr_1/6 "/>
</bind>
</comp>

<comp id="113" class="1004" name="grp_access_fu_113">
<pin_list>
<pin id="114" dir="0" index="0" bw="11" slack="0"/>
<pin id="115" dir="0" index="1" bw="8" slack="0"/>
<pin id="116" dir="0" index="2" bw="0" slack="2147483647"/>
<pin id="117" dir="1" index="3" bw="8" slack="2147483647"/>
</pin_list>
<bind>
<opcode="store(28) " fcode="store"/>
<opset="StgValue_68/6 StgValue_75/7 "/>
</bind>
</comp>

<comp id="119" class="1004" name="msg_addr_gep_fu_119">
<pin_list>
<pin id="120" dir="0" index="0" bw="8" slack="0"/>
<pin id="121" dir="0" index="1" bw="1" slack="0"/>
<pin id="122" dir="0" index="2" bw="9" slack="0"/>
<pin id="123" dir="1" index="3" bw="11" slack="0"/>
</pin_list>
<bind>
<opcode="getelementptr(29) " fcode="getelementptr"/>
<opset="msg_addr/7 "/>
</bind>
</comp>

<comp id="127" class="1005" name="i_reg_127">
<pin_list>
<pin id="128" dir="0" index="0" bw="8" slack="1"/>
<pin id="129" dir="1" index="1" bw="8" slack="1"/>
</pin_list>
<bind>
<opset="i (phireg) "/>
</bind>
</comp>

<comp id="131" class="1004" name="i_phi_fu_131">
<pin_list>
<pin id="132" dir="0" index="0" bw="1" slack="1"/>
<pin id="133" dir="0" index="1" bw="0" slack="2147483647"/>
<pin id="134" dir="0" index="2" bw="8" slack="0"/>
<pin id="135" dir="0" index="3" bw="0" slack="2147483647"/>
<pin id="136" dir="1" index="4" bw="8" slack="0"/>
</pin_list>
<bind>
<opcode="phi(47) " fcode="phi"/>
<opset="i/2 "/>
</bind>
</comp>

<comp id="139" class="1004" name="tmp_162_fu_139">
<pin_list>
<pin id="140" dir="0" index="0" bw="10" slack="0"/>
<pin id="141" dir="1" index="1" bw="9" slack="2"/>
</pin_list>
<bind>
<opcode="trunc(33) " fcode="trunc"/>
<opset="tmp_162/1 "/>
</bind>
</comp>

<comp id="143" class="1004" name="i_cast1_fu_143">
<pin_list>
<pin id="144" dir="0" index="0" bw="8" slack="0"/>
<pin id="145" dir="1" index="1" bw="10" slack="0"/>
</pin_list>
<bind>
<opcode="zext(34) " fcode="zext"/>
<opset="i_cast1/2 "/>
</bind>
</comp>

<comp id="147" class="1004" name="exitcond_fu_147">
<pin_list>
<pin id="148" dir="0" index="0" bw="8" slack="0"/>
<pin id="149" dir="0" index="1" bw="8" slack="0"/>
<pin id="150" dir="1" index="2" bw="1" slack="2147483647"/>
</pin_list>
<bind>
<opcode="icmp(45) " fcode="icmp"/>
<opset="exitcond/2 "/>
</bind>
</comp>

<comp id="153" class="1004" name="i_9_fu_153">
<pin_list>
<pin id="154" dir="0" index="0" bw="8" slack="0"/>
<pin id="155" dir="0" index="1" bw="1" slack="0"/>
<pin id="156" dir="1" index="2" bw="8" slack="0"/>
</pin_list>
<bind>
<opcode="add(8) " fcode="add"/>
<opset="i_9/2 "/>
</bind>
</comp>

<comp id="159" class="1004" name="p_shl7_fu_159">
<pin_list>
<pin id="160" dir="0" index="0" bw="10" slack="0"/>
<pin id="161" dir="0" index="1" bw="8" slack="0"/>
<pin id="162" dir="0" index="2" bw="1" slack="0"/>
<pin id="163" dir="1" index="3" bw="10" slack="0"/>
</pin_list>
<bind>
<opcode="bitconcatenate(1004) " fcode="bitconcatenate"/>
<opset="p_shl7/2 "/>
</bind>
</comp>

<comp id="167" class="1004" name="tmp_fu_167">
<pin_list>
<pin id="168" dir="0" index="0" bw="10" slack="0"/>
<pin id="169" dir="0" index="1" bw="8" slack="0"/>
<pin id="170" dir="1" index="2" bw="10" slack="0"/>
</pin_list>
<bind>
<opcode="add(8) " fcode="add"/>
<opset="tmp/2 "/>
</bind>
</comp>

<comp id="173" class="1004" name="tmp_s_fu_173">
<pin_list>
<pin id="174" dir="0" index="0" bw="4" slack="0"/>
<pin id="175" dir="0" index="1" bw="10" slack="0"/>
<pin id="176" dir="1" index="2" bw="10" slack="0"/>
</pin_list>
<bind>
<opcode="add(8) " fcode="add"/>
<opset="tmp_s/2 "/>
</bind>
</comp>

<comp id="179" class="1004" name="tmp_157_fu_179">
<pin_list>
<pin id="180" dir="0" index="0" bw="10" slack="0"/>
<pin id="181" dir="1" index="1" bw="64" slack="0"/>
</pin_list>
<bind>
<opcode="zext(34) " fcode="zext"/>
<opset="tmp_157/2 "/>
</bind>
</comp>

<comp id="184" class="1004" name="tmp_159_fu_184">
<pin_list>
<pin id="185" dir="0" index="0" bw="3" slack="0"/>
<pin id="186" dir="0" index="1" bw="10" slack="0"/>
<pin id="187" dir="1" index="2" bw="10" slack="0"/>
</pin_list>
<bind>
<opcode="add(8) " fcode="add"/>
<opset="tmp_159/2 "/>
</bind>
</comp>

<comp id="190" class="1004" name="tmp_160_fu_190">
<pin_list>
<pin id="191" dir="0" index="0" bw="10" slack="0"/>
<pin id="192" dir="1" index="1" bw="64" slack="0"/>
</pin_list>
<bind>
<opcode="zext(34) " fcode="zext"/>
<opset="tmp_160/2 "/>
</bind>
</comp>

<comp id="195" class="1004" name="c_fu_195">
<pin_list>
<pin id="196" dir="0" index="0" bw="16" slack="0"/>
<pin id="197" dir="1" index="1" bw="8" slack="0"/>
</pin_list>
<bind>
<opcode="trunc(33) " fcode="trunc"/>
<opset="c/3 "/>
</bind>
</comp>

<comp id="199" class="1004" name="tmp_173_fu_199">
<pin_list>
<pin id="200" dir="0" index="0" bw="16" slack="0"/>
<pin id="201" dir="1" index="1" bw="6" slack="0"/>
</pin_list>
<bind>
<opcode="trunc(33) " fcode="trunc"/>
<opset="tmp_173/3 "/>
</bind>
</comp>

<comp id="203" class="1004" name="p_shl6_fu_203">
<pin_list>
<pin id="204" dir="0" index="0" bw="8" slack="0"/>
<pin id="205" dir="0" index="1" bw="6" slack="0"/>
<pin id="206" dir="0" index="2" bw="1" slack="0"/>
<pin id="207" dir="1" index="3" bw="8" slack="0"/>
</pin_list>
<bind>
<opcode="bitconcatenate(1004) " fcode="bitconcatenate"/>
<opset="p_shl6/3 "/>
</bind>
</comp>

<comp id="211" class="1004" name="tmp_158_fu_211">
<pin_list>
<pin id="212" dir="0" index="0" bw="8" slack="0"/>
<pin id="213" dir="0" index="1" bw="8" slack="0"/>
<pin id="214" dir="1" index="2" bw="8" slack="0"/>
</pin_list>
<bind>
<opcode="sub(10) " fcode="sub"/>
<opset="tmp_158/3 "/>
</bind>
</comp>

<comp id="217" class="1004" name="tmp_174_fu_217">
<pin_list>
<pin id="218" dir="0" index="0" bw="16" slack="0"/>
<pin id="219" dir="1" index="1" bw="8" slack="0"/>
</pin_list>
<bind>
<opcode="trunc(33) " fcode="trunc"/>
<opset="tmp_174/3 "/>
</bind>
</comp>

<comp id="221" class="1004" name="c_1_fu_221">
<pin_list>
<pin id="222" dir="0" index="0" bw="8" slack="0"/>
<pin id="223" dir="0" index="1" bw="8" slack="0"/>
<pin id="224" dir="1" index="2" bw="8" slack="1"/>
</pin_list>
<bind>
<opcode="add(8) " fcode="add"/>
<opset="c_1/3 "/>
</bind>
</comp>

<comp id="227" class="1004" name="tmp_163_fu_227">
<pin_list>
<pin id="228" dir="0" index="0" bw="3" slack="0"/>
<pin id="229" dir="0" index="1" bw="10" slack="1"/>
<pin id="230" dir="1" index="2" bw="10" slack="0"/>
</pin_list>
<bind>
<opcode="add(8) " fcode="add"/>
<opset="tmp_163/3 "/>
</bind>
</comp>

<comp id="232" class="1004" name="tmp_164_fu_232">
<pin_list>
<pin id="233" dir="0" index="0" bw="10" slack="0"/>
<pin id="234" dir="1" index="1" bw="64" slack="0"/>
</pin_list>
<bind>
<opcode="zext(34) " fcode="zext"/>
<opset="tmp_164/3 "/>
</bind>
</comp>

<comp id="237" class="1004" name="tmp_236_cast_fu_237">
<pin_list>
<pin id="238" dir="0" index="0" bw="8" slack="1"/>
<pin id="239" dir="1" index="1" bw="9" slack="0"/>
</pin_list>
<bind>
<opcode="zext(34) " fcode="zext"/>
<opset="tmp_236_cast/3 "/>
</bind>
</comp>

<comp id="241" class="1004" name="sum_fu_241">
<pin_list>
<pin id="242" dir="0" index="0" bw="8" slack="0"/>
<pin id="243" dir="0" index="1" bw="9" slack="2"/>
<pin id="244" dir="1" index="2" bw="9" slack="3"/>
</pin_list>
<bind>
<opcode="add(8) " fcode="add"/>
<opset="sum/3 "/>
</bind>
</comp>

<comp id="246" class="1004" name="tmp_175_fu_246">
<pin_list>
<pin id="247" dir="0" index="0" bw="8" slack="1"/>
<pin id="248" dir="0" index="1" bw="3" slack="0"/>
<pin id="249" dir="1" index="2" bw="8" slack="0"/>
</pin_list>
<bind>
<opcode="shl(20) " fcode="shl"/>
<opset="tmp_175/4 "/>
</bind>
</comp>

<comp id="251" class="1004" name="tmp_161_fu_251">
<pin_list>
<pin id="252" dir="0" index="0" bw="8" slack="0"/>
<pin id="253" dir="0" index="1" bw="8" slack="1"/>
<pin id="254" dir="1" index="2" bw="8" slack="0"/>
</pin_list>
<bind>
<opcode="sub(10) " fcode="sub"/>
<opset="tmp_161/4 "/>
</bind>
</comp>

<comp id="256" class="1004" name="tmp_176_fu_256">
<pin_list>
<pin id="257" dir="0" index="0" bw="16" slack="0"/>
<pin id="258" dir="1" index="1" bw="8" slack="0"/>
</pin_list>
<bind>
<opcode="trunc(33) " fcode="trunc"/>
<opset="tmp_176/4 "/>
</bind>
</comp>

<comp id="260" class="1004" name="c_2_fu_260">
<pin_list>
<pin id="261" dir="0" index="0" bw="8" slack="0"/>
<pin id="262" dir="0" index="1" bw="8" slack="0"/>
<pin id="263" dir="1" index="2" bw="8" slack="1"/>
</pin_list>
<bind>
<opcode="add(8) " fcode="add"/>
<opset="c_2/4 "/>
</bind>
</comp>

<comp id="266" class="1004" name="tmp_167_fu_266">
<pin_list>
<pin id="267" dir="0" index="0" bw="1" slack="0"/>
<pin id="268" dir="0" index="1" bw="10" slack="2"/>
<pin id="269" dir="1" index="2" bw="10" slack="0"/>
</pin_list>
<bind>
<opcode="add(8) " fcode="add"/>
<opset="tmp_167/4 "/>
</bind>
</comp>

<comp id="271" class="1004" name="tmp_168_fu_271">
<pin_list>
<pin id="272" dir="0" index="0" bw="10" slack="0"/>
<pin id="273" dir="1" index="1" bw="64" slack="0"/>
</pin_list>
<bind>
<opcode="zext(34) " fcode="zext"/>
<opset="tmp_168/4 "/>
</bind>
</comp>

<comp id="276" class="1004" name="tmp_170_fu_276">
<pin_list>
<pin id="277" dir="0" index="0" bw="10" slack="2"/>
<pin id="278" dir="1" index="1" bw="64" slack="0"/>
</pin_list>
<bind>
<opcode="zext(34) " fcode="zext"/>
<opset="tmp_170/4 "/>
</bind>
</comp>

<comp id="280" class="1004" name="tmp_177_fu_280">
<pin_list>
<pin id="281" dir="0" index="0" bw="8" slack="1"/>
<pin id="282" dir="0" index="1" bw="3" slack="0"/>
<pin id="283" dir="1" index="2" bw="8" slack="0"/>
</pin_list>
<bind>
<opcode="shl(20) " fcode="shl"/>
<opset="tmp_177/5 "/>
</bind>
</comp>

<comp id="285" class="1004" name="tmp_165_fu_285">
<pin_list>
<pin id="286" dir="0" index="0" bw="8" slack="0"/>
<pin id="287" dir="0" index="1" bw="8" slack="1"/>
<pin id="288" dir="1" index="2" bw="8" slack="0"/>
</pin_list>
<bind>
<opcode="sub(10) " fcode="sub"/>
<opset="tmp_165/5 "/>
</bind>
</comp>

<comp id="290" class="1004" name="tmp_178_fu_290">
<pin_list>
<pin id="291" dir="0" index="0" bw="16" slack="0"/>
<pin id="292" dir="1" index="1" bw="8" slack="0"/>
</pin_list>
<bind>
<opcode="trunc(33) " fcode="trunc"/>
<opset="tmp_178/5 "/>
</bind>
</comp>

<comp id="294" class="1004" name="c_3_fu_294">
<pin_list>
<pin id="295" dir="0" index="0" bw="8" slack="0"/>
<pin id="296" dir="0" index="1" bw="8" slack="0"/>
<pin id="297" dir="1" index="2" bw="8" slack="1"/>
</pin_list>
<bind>
<opcode="add(8) " fcode="add"/>
<opset="c_3/5 "/>
</bind>
</comp>

<comp id="300" class="1004" name="tmp_180_fu_300">
<pin_list>
<pin id="301" dir="0" index="0" bw="16" slack="0"/>
<pin id="302" dir="1" index="1" bw="8" slack="1"/>
</pin_list>
<bind>
<opcode="trunc(33) " fcode="trunc"/>
<opset="tmp_180/5 "/>
</bind>
</comp>

<comp id="304" class="1004" name="tmp_179_fu_304">
<pin_list>
<pin id="305" dir="0" index="0" bw="8" slack="1"/>
<pin id="306" dir="0" index="1" bw="3" slack="0"/>
<pin id="307" dir="1" index="2" bw="8" slack="0"/>
</pin_list>
<bind>
<opcode="shl(20) " fcode="shl"/>
<opset="tmp_179/6 "/>
</bind>
</comp>

<comp id="309" class="1004" name="tmp_169_fu_309">
<pin_list>
<pin id="310" dir="0" index="0" bw="8" slack="0"/>
<pin id="311" dir="0" index="1" bw="8" slack="1"/>
<pin id="312" dir="1" index="2" bw="8" slack="0"/>
</pin_list>
<bind>
<opcode="sub(10) " fcode="sub"/>
<opset="tmp_169/6 "/>
</bind>
</comp>

<comp id="314" class="1004" name="c_4_fu_314">
<pin_list>
<pin id="315" dir="0" index="0" bw="8" slack="1"/>
<pin id="316" dir="0" index="1" bw="8" slack="0"/>
<pin id="317" dir="1" index="2" bw="8" slack="0"/>
</pin_list>
<bind>
<opcode="add(8) " fcode="add"/>
<opset="c_4/6 "/>
</bind>
</comp>

<comp id="320" class="1004" name="sum_cast_fu_320">
<pin_list>
<pin id="321" dir="0" index="0" bw="9" slack="3"/>
<pin id="322" dir="1" index="1" bw="64" slack="0"/>
</pin_list>
<bind>
<opcode="zext(34) " fcode="zext"/>
<opset="sum_cast/6 "/>
</bind>
</comp>

<comp id="324" class="1004" name="tmp_166_fu_324">
<pin_list>
<pin id="325" dir="0" index="0" bw="16" slack="0"/>
<pin id="326" dir="1" index="1" bw="8" slack="0"/>
</pin_list>
<bind>
<opcode="trunc(33) " fcode="trunc"/>
<opset="tmp_166/7 "/>
</bind>
</comp>

<comp id="329" class="1004" name="sum2_fu_329">
<pin_list>
<pin id="330" dir="0" index="0" bw="9" slack="0"/>
<pin id="331" dir="0" index="1" bw="9" slack="2"/>
<pin id="332" dir="1" index="2" bw="9" slack="0"/>
</pin_list>
<bind>
<opcode="add(8) " fcode="add"/>
<opset="sum2/7 "/>
</bind>
</comp>

<comp id="334" class="1004" name="sum2_cast_fu_334">
<pin_list>
<pin id="335" dir="0" index="0" bw="9" slack="0"/>
<pin id="336" dir="1" index="1" bw="64" slack="0"/>
</pin_list>
<bind>
<opcode="zext(34) " fcode="zext"/>
<opset="sum2_cast/7 "/>
</bind>
</comp>

<comp id="339" class="1005" name="tmp_162_reg_339">
<pin_list>
<pin id="340" dir="0" index="0" bw="9" slack="2"/>
<pin id="341" dir="1" index="1" bw="9" slack="2"/>
</pin_list>
<bind>
<opset="tmp_162 "/>
</bind>
</comp>

<comp id="348" class="1005" name="i_9_reg_348">
<pin_list>
<pin id="349" dir="0" index="0" bw="8" slack="0"/>
<pin id="350" dir="1" index="1" bw="8" slack="0"/>
</pin_list>
<bind>
<opset="i_9 "/>
</bind>
</comp>

<comp id="353" class="1005" name="tmp_reg_353">
<pin_list>
<pin id="354" dir="0" index="0" bw="10" slack="1"/>
<pin id="355" dir="1" index="1" bw="10" slack="1"/>
</pin_list>
<bind>
<opset="tmp "/>
</bind>
</comp>

<comp id="360" class="1005" name="a_coeffs_addr_reg_360">
<pin_list>
<pin id="361" dir="0" index="0" bw="10" slack="1"/>
<pin id="362" dir="1" index="1" bw="10" slack="1"/>
</pin_list>
<bind>
<opset="a_coeffs_addr "/>
</bind>
</comp>

<comp id="365" class="1005" name="a_coeffs_addr_4_reg_365">
<pin_list>
<pin id="366" dir="0" index="0" bw="10" slack="1"/>
<pin id="367" dir="1" index="1" bw="10" slack="1"/>
</pin_list>
<bind>
<opset="a_coeffs_addr_4 "/>
</bind>
</comp>

<comp id="370" class="1005" name="a_coeffs_addr_3_reg_370">
<pin_list>
<pin id="371" dir="0" index="0" bw="10" slack="1"/>
<pin id="372" dir="1" index="1" bw="10" slack="1"/>
</pin_list>
<bind>
<opset="a_coeffs_addr_3 "/>
</bind>
</comp>

<comp id="375" class="1005" name="c_1_reg_375">
<pin_list>
<pin id="376" dir="0" index="0" bw="8" slack="1"/>
<pin id="377" dir="1" index="1" bw="8" slack="1"/>
</pin_list>
<bind>
<opset="c_1 "/>
</bind>
</comp>

<comp id="381" class="1005" name="a_coeffs_addr_5_reg_381">
<pin_list>
<pin id="382" dir="0" index="0" bw="10" slack="1"/>
<pin id="383" dir="1" index="1" bw="10" slack="1"/>
</pin_list>
<bind>
<opset="a_coeffs_addr_5 "/>
</bind>
</comp>

<comp id="386" class="1005" name="sum_reg_386">
<pin_list>
<pin id="387" dir="0" index="0" bw="9" slack="3"/>
<pin id="388" dir="1" index="1" bw="9" slack="3"/>
</pin_list>
<bind>
<opset="sum "/>
</bind>
</comp>

<comp id="391" class="1005" name="c_2_reg_391">
<pin_list>
<pin id="392" dir="0" index="0" bw="8" slack="1"/>
<pin id="393" dir="1" index="1" bw="8" slack="1"/>
</pin_list>
<bind>
<opset="c_2 "/>
</bind>
</comp>

<comp id="397" class="1005" name="a_coeffs_addr_6_reg_397">
<pin_list>
<pin id="398" dir="0" index="0" bw="10" slack="1"/>
<pin id="399" dir="1" index="1" bw="10" slack="1"/>
</pin_list>
<bind>
<opset="a_coeffs_addr_6 "/>
</bind>
</comp>

<comp id="402" class="1005" name="a_coeffs_addr_7_reg_402">
<pin_list>
<pin id="403" dir="0" index="0" bw="10" slack="1"/>
<pin id="404" dir="1" index="1" bw="10" slack="1"/>
</pin_list>
<bind>
<opset="a_coeffs_addr_7 "/>
</bind>
</comp>

<comp id="407" class="1005" name="c_3_reg_407">
<pin_list>
<pin id="408" dir="0" index="0" bw="8" slack="1"/>
<pin id="409" dir="1" index="1" bw="8" slack="1"/>
</pin_list>
<bind>
<opset="c_3 "/>
</bind>
</comp>

<comp id="413" class="1005" name="tmp_180_reg_413">
<pin_list>
<pin id="414" dir="0" index="0" bw="8" slack="1"/>
<pin id="415" dir="1" index="1" bw="8" slack="1"/>
</pin_list>
<bind>
<opset="tmp_180 "/>
</bind>
</comp>

</comp_list>

<net_list>
<net id="46"><net_src comp="8" pin="0"/><net_sink comp="42" pin=0"/></net>

<net id="47"><net_src comp="2" pin="0"/><net_sink comp="42" pin=1"/></net>

<net id="53"><net_src comp="4" pin="0"/><net_sink comp="48" pin=0"/></net>

<net id="54"><net_src comp="26" pin="0"/><net_sink comp="48" pin=1"/></net>

<net id="60"><net_src comp="48" pin="3"/><net_sink comp="55" pin=0"/></net>

<net id="66"><net_src comp="4" pin="0"/><net_sink comp="61" pin=0"/></net>

<net id="67"><net_src comp="26" pin="0"/><net_sink comp="61" pin=1"/></net>

<net id="72"><net_src comp="61" pin="3"/><net_sink comp="55" pin=2"/></net>

<net id="78"><net_src comp="4" pin="0"/><net_sink comp="73" pin=0"/></net>

<net id="79"><net_src comp="26" pin="0"/><net_sink comp="73" pin=1"/></net>

<net id="80"><net_src comp="30" pin="0"/><net_sink comp="73" pin=2"/></net>

<net id="81"><net_src comp="73" pin="3"/><net_sink comp="55" pin=0"/></net>

<net id="87"><net_src comp="4" pin="0"/><net_sink comp="82" pin=0"/></net>

<net id="88"><net_src comp="26" pin="0"/><net_sink comp="82" pin=1"/></net>

<net id="89"><net_src comp="82" pin="3"/><net_sink comp="55" pin=2"/></net>

<net id="95"><net_src comp="4" pin="0"/><net_sink comp="90" pin=0"/></net>

<net id="96"><net_src comp="26" pin="0"/><net_sink comp="90" pin=1"/></net>

<net id="97"><net_src comp="90" pin="3"/><net_sink comp="55" pin=0"/></net>

<net id="103"><net_src comp="4" pin="0"/><net_sink comp="98" pin=0"/></net>

<net id="104"><net_src comp="26" pin="0"/><net_sink comp="98" pin=1"/></net>

<net id="105"><net_src comp="98" pin="3"/><net_sink comp="55" pin=2"/></net>

<net id="111"><net_src comp="0" pin="0"/><net_sink comp="106" pin=0"/></net>

<net id="112"><net_src comp="26" pin="0"/><net_sink comp="106" pin=1"/></net>

<net id="118"><net_src comp="106" pin="3"/><net_sink comp="113" pin=0"/></net>

<net id="124"><net_src comp="0" pin="0"/><net_sink comp="119" pin=0"/></net>

<net id="125"><net_src comp="26" pin="0"/><net_sink comp="119" pin=1"/></net>

<net id="126"><net_src comp="119" pin="3"/><net_sink comp="113" pin=0"/></net>

<net id="130"><net_src comp="10" pin="0"/><net_sink comp="127" pin=0"/></net>

<net id="137"><net_src comp="127" pin="1"/><net_sink comp="131" pin=0"/></net>

<net id="138"><net_src comp="131" pin="4"/><net_sink comp="127" pin=0"/></net>

<net id="142"><net_src comp="42" pin="2"/><net_sink comp="139" pin=0"/></net>

<net id="146"><net_src comp="131" pin="4"/><net_sink comp="143" pin=0"/></net>

<net id="151"><net_src comp="131" pin="4"/><net_sink comp="147" pin=0"/></net>

<net id="152"><net_src comp="12" pin="0"/><net_sink comp="147" pin=1"/></net>

<net id="157"><net_src comp="131" pin="4"/><net_sink comp="153" pin=0"/></net>

<net id="158"><net_src comp="18" pin="0"/><net_sink comp="153" pin=1"/></net>

<net id="164"><net_src comp="20" pin="0"/><net_sink comp="159" pin=0"/></net>

<net id="165"><net_src comp="131" pin="4"/><net_sink comp="159" pin=1"/></net>

<net id="166"><net_src comp="22" pin="0"/><net_sink comp="159" pin=2"/></net>

<net id="171"><net_src comp="159" pin="3"/><net_sink comp="167" pin=0"/></net>

<net id="172"><net_src comp="143" pin="1"/><net_sink comp="167" pin=1"/></net>

<net id="177"><net_src comp="24" pin="0"/><net_sink comp="173" pin=0"/></net>

<net id="178"><net_src comp="167" pin="2"/><net_sink comp="173" pin=1"/></net>

<net id="182"><net_src comp="173" pin="2"/><net_sink comp="179" pin=0"/></net>

<net id="183"><net_src comp="179" pin="1"/><net_sink comp="48" pin=2"/></net>

<net id="188"><net_src comp="28" pin="0"/><net_sink comp="184" pin=0"/></net>

<net id="189"><net_src comp="167" pin="2"/><net_sink comp="184" pin=1"/></net>

<net id="193"><net_src comp="184" pin="2"/><net_sink comp="190" pin=0"/></net>

<net id="194"><net_src comp="190" pin="1"/><net_sink comp="61" pin=2"/></net>

<net id="198"><net_src comp="55" pin="3"/><net_sink comp="195" pin=0"/></net>

<net id="202"><net_src comp="55" pin="3"/><net_sink comp="199" pin=0"/></net>

<net id="208"><net_src comp="32" pin="0"/><net_sink comp="203" pin=0"/></net>

<net id="209"><net_src comp="199" pin="1"/><net_sink comp="203" pin=1"/></net>

<net id="210"><net_src comp="22" pin="0"/><net_sink comp="203" pin=2"/></net>

<net id="215"><net_src comp="203" pin="3"/><net_sink comp="211" pin=0"/></net>

<net id="216"><net_src comp="195" pin="1"/><net_sink comp="211" pin=1"/></net>

<net id="220"><net_src comp="55" pin="7"/><net_sink comp="217" pin=0"/></net>

<net id="225"><net_src comp="211" pin="2"/><net_sink comp="221" pin=0"/></net>

<net id="226"><net_src comp="217" pin="1"/><net_sink comp="221" pin=1"/></net>

<net id="231"><net_src comp="34" pin="0"/><net_sink comp="227" pin=0"/></net>

<net id="235"><net_src comp="227" pin="2"/><net_sink comp="232" pin=0"/></net>

<net id="236"><net_src comp="232" pin="1"/><net_sink comp="82" pin=2"/></net>

<net id="240"><net_src comp="127" pin="1"/><net_sink comp="237" pin=0"/></net>

<net id="245"><net_src comp="237" pin="1"/><net_sink comp="241" pin=0"/></net>

<net id="250"><net_src comp="36" pin="0"/><net_sink comp="246" pin=1"/></net>

<net id="255"><net_src comp="246" pin="2"/><net_sink comp="251" pin=0"/></net>

<net id="259"><net_src comp="55" pin="7"/><net_sink comp="256" pin=0"/></net>

<net id="264"><net_src comp="256" pin="1"/><net_sink comp="260" pin=0"/></net>

<net id="265"><net_src comp="251" pin="2"/><net_sink comp="260" pin=1"/></net>

<net id="270"><net_src comp="38" pin="0"/><net_sink comp="266" pin=0"/></net>

<net id="274"><net_src comp="266" pin="2"/><net_sink comp="271" pin=0"/></net>

<net id="275"><net_src comp="271" pin="1"/><net_sink comp="90" pin=2"/></net>

<net id="279"><net_src comp="276" pin="1"/><net_sink comp="98" pin=2"/></net>

<net id="284"><net_src comp="36" pin="0"/><net_sink comp="280" pin=1"/></net>

<net id="289"><net_src comp="280" pin="2"/><net_sink comp="285" pin=0"/></net>

<net id="293"><net_src comp="55" pin="3"/><net_sink comp="290" pin=0"/></net>

<net id="298"><net_src comp="290" pin="1"/><net_sink comp="294" pin=0"/></net>

<net id="299"><net_src comp="285" pin="2"/><net_sink comp="294" pin=1"/></net>

<net id="303"><net_src comp="55" pin="7"/><net_sink comp="300" pin=0"/></net>

<net id="308"><net_src comp="36" pin="0"/><net_sink comp="304" pin=1"/></net>

<net id="313"><net_src comp="304" pin="2"/><net_sink comp="309" pin=0"/></net>

<net id="318"><net_src comp="309" pin="2"/><net_sink comp="314" pin=1"/></net>

<net id="319"><net_src comp="314" pin="2"/><net_sink comp="113" pin=1"/></net>

<net id="323"><net_src comp="320" pin="1"/><net_sink comp="106" pin=2"/></net>

<net id="327"><net_src comp="55" pin="3"/><net_sink comp="324" pin=0"/></net>

<net id="328"><net_src comp="324" pin="1"/><net_sink comp="113" pin=1"/></net>

<net id="333"><net_src comp="40" pin="0"/><net_sink comp="329" pin=0"/></net>

<net id="337"><net_src comp="329" pin="2"/><net_sink comp="334" pin=0"/></net>

<net id="338"><net_src comp="334" pin="1"/><net_sink comp="119" pin=2"/></net>

<net id="342"><net_src comp="139" pin="1"/><net_sink comp="339" pin=0"/></net>

<net id="343"><net_src comp="339" pin="1"/><net_sink comp="241" pin=1"/></net>

<net id="344"><net_src comp="339" pin="1"/><net_sink comp="329" pin=1"/></net>

<net id="351"><net_src comp="153" pin="2"/><net_sink comp="348" pin=0"/></net>

<net id="352"><net_src comp="348" pin="1"/><net_sink comp="131" pin=2"/></net>

<net id="356"><net_src comp="167" pin="2"/><net_sink comp="353" pin=0"/></net>

<net id="357"><net_src comp="353" pin="1"/><net_sink comp="227" pin=1"/></net>

<net id="358"><net_src comp="353" pin="1"/><net_sink comp="266" pin=1"/></net>

<net id="359"><net_src comp="353" pin="1"/><net_sink comp="276" pin=0"/></net>

<net id="363"><net_src comp="48" pin="3"/><net_sink comp="360" pin=0"/></net>

<net id="364"><net_src comp="360" pin="1"/><net_sink comp="55" pin=0"/></net>

<net id="368"><net_src comp="61" pin="3"/><net_sink comp="365" pin=0"/></net>

<net id="369"><net_src comp="365" pin="1"/><net_sink comp="55" pin=2"/></net>

<net id="373"><net_src comp="73" pin="3"/><net_sink comp="370" pin=0"/></net>

<net id="374"><net_src comp="370" pin="1"/><net_sink comp="55" pin=0"/></net>

<net id="378"><net_src comp="221" pin="2"/><net_sink comp="375" pin=0"/></net>

<net id="379"><net_src comp="375" pin="1"/><net_sink comp="246" pin=0"/></net>

<net id="380"><net_src comp="375" pin="1"/><net_sink comp="251" pin=1"/></net>

<net id="384"><net_src comp="82" pin="3"/><net_sink comp="381" pin=0"/></net>

<net id="385"><net_src comp="381" pin="1"/><net_sink comp="55" pin=2"/></net>

<net id="389"><net_src comp="241" pin="2"/><net_sink comp="386" pin=0"/></net>

<net id="390"><net_src comp="386" pin="1"/><net_sink comp="320" pin=0"/></net>

<net id="394"><net_src comp="260" pin="2"/><net_sink comp="391" pin=0"/></net>

<net id="395"><net_src comp="391" pin="1"/><net_sink comp="280" pin=0"/></net>

<net id="396"><net_src comp="391" pin="1"/><net_sink comp="285" pin=1"/></net>

<net id="400"><net_src comp="90" pin="3"/><net_sink comp="397" pin=0"/></net>

<net id="401"><net_src comp="397" pin="1"/><net_sink comp="55" pin=0"/></net>

<net id="405"><net_src comp="98" pin="3"/><net_sink comp="402" pin=0"/></net>

<net id="406"><net_src comp="402" pin="1"/><net_sink comp="55" pin=2"/></net>

<net id="410"><net_src comp="294" pin="2"/><net_sink comp="407" pin=0"/></net>

<net id="411"><net_src comp="407" pin="1"/><net_sink comp="304" pin=0"/></net>

<net id="412"><net_src comp="407" pin="1"/><net_sink comp="309" pin=1"/></net>

<net id="416"><net_src comp="300" pin="1"/><net_sink comp="413" pin=0"/></net>

<net id="417"><net_src comp="413" pin="1"/><net_sink comp="314" pin=0"/></net>

</net_list>

</model> 
---------------- Datapath Model END ------------------

* FSMD analyzer results:
  - Output states:
	Port: msg | {6 7 }
 - Input state : 
	Port: poly_S3_tobytes : msg | {}
	Port: poly_S3_tobytes : msg_offset | {1 }
	Port: poly_S3_tobytes : a_coeffs | {2 3 4 5 7 }
  - Chain level:
	State 1
	State 2
		i_cast1 : 1
		exitcond : 1
		i_9 : 1
		StgValue_17 : 2
		p_shl7 : 1
		tmp : 2
		tmp_s : 3
		tmp_157 : 4
		a_coeffs_addr : 5
		a_coeffs_load : 6
		tmp_159 : 3
		tmp_160 : 4
		a_coeffs_addr_4 : 5
		a_coeffs_load_4 : 6
		a_coeffs_load_3 : 1
	State 3
		c : 1
		tmp_173 : 1
		p_shl6 : 2
		tmp_158 : 3
		tmp_174 : 1
		c_1 : 4
		tmp_164 : 1
		a_coeffs_addr_5 : 2
		a_coeffs_load_5 : 3
		sum : 1
	State 4
		tmp_176 : 1
		c_2 : 2
		tmp_168 : 1
		a_coeffs_addr_6 : 2
		a_coeffs_load_6 : 3
		a_coeffs_addr_7 : 1
		a_coeffs_load_7 : 2
	State 5
		tmp_178 : 1
		c_3 : 2
		tmp_180 : 1
	State 6
		c_4 : 1
		msg_addr_1 : 1
		StgValue_68 : 2
	State 7
		tmp_166 : 1
		sum2_cast : 1
		msg_addr : 2
		StgValue_75 : 3


============================================================
+ Verbose Summary: Datapath Resource usage 
============================================================

* Functional unit list:
|----------|----------------------------|---------|---------|
| Operation|       Functional Unit      |    FF   |   LUT   |
|----------|----------------------------|---------|---------|
|          |         i_9_fu_153         |    0    |    15   |
|          |         tmp_fu_167         |    0    |    17   |
|          |        tmp_s_fu_173        |    0    |    17   |
|          |       tmp_159_fu_184       |    0    |    17   |
|          |         c_1_fu_221         |    0    |    12   |
|    add   |       tmp_163_fu_227       |    0    |    17   |
|          |         sum_fu_241         |    0    |    16   |
|          |         c_2_fu_260         |    0    |    12   |
|          |       tmp_167_fu_266       |    0    |    17   |
|          |         c_3_fu_294         |    0    |    12   |
|          |         c_4_fu_314         |    0    |    12   |
|          |         sum2_fu_329        |    0    |    16   |
|----------|----------------------------|---------|---------|
|          |       tmp_158_fu_211       |    0    |    12   |
|    sub   |       tmp_161_fu_251       |    0    |    12   |
|          |       tmp_165_fu_285       |    0    |    12   |
|          |       tmp_169_fu_309       |    0    |    12   |
|----------|----------------------------|---------|---------|
|   icmp   |       exitcond_fu_147      |    0    |    11   |
|----------|----------------------------|---------|---------|
|   read   | msg_offset_read_read_fu_42 |    0    |    0    |
|----------|----------------------------|---------|---------|
|          |       tmp_162_fu_139       |    0    |    0    |
|          |          c_fu_195          |    0    |    0    |
|          |       tmp_173_fu_199       |    0    |    0    |
|   trunc  |       tmp_174_fu_217       |    0    |    0    |
|          |       tmp_176_fu_256       |    0    |    0    |
|          |       tmp_178_fu_290       |    0    |    0    |
|          |       tmp_180_fu_300       |    0    |    0    |
|          |       tmp_166_fu_324       |    0    |    0    |
|----------|----------------------------|---------|---------|
|          |       i_cast1_fu_143       |    0    |    0    |
|          |       tmp_157_fu_179       |    0    |    0    |
|          |       tmp_160_fu_190       |    0    |    0    |
|          |       tmp_164_fu_232       |    0    |    0    |
|   zext   |     tmp_236_cast_fu_237    |    0    |    0    |
|          |       tmp_168_fu_271       |    0    |    0    |
|          |       tmp_170_fu_276       |    0    |    0    |
|          |       sum_cast_fu_320      |    0    |    0    |
|          |      sum2_cast_fu_334      |    0    |    0    |
|----------|----------------------------|---------|---------|
|bitconcatenate|        p_shl7_fu_159       |    0    |    0    |
|          |        p_shl6_fu_203       |    0    |    0    |
|----------|----------------------------|---------|---------|
|          |       tmp_175_fu_246       |    0    |    0    |
|    shl   |       tmp_177_fu_280       |    0    |    0    |
|          |       tmp_179_fu_304       |    0    |    0    |
|----------|----------------------------|---------|---------|
|   Total  |                            |    0    |   239   |
|----------|----------------------------|---------|---------|

Memories:
N/A

* Register list:
+-----------------------+--------+
|                       |   FF   |
+-----------------------+--------+
|a_coeffs_addr_3_reg_370|   10   |
|a_coeffs_addr_4_reg_365|   10   |
|a_coeffs_addr_5_reg_381|   10   |
|a_coeffs_addr_6_reg_397|   10   |
|a_coeffs_addr_7_reg_402|   10   |
| a_coeffs_addr_reg_360 |   10   |
|      c_1_reg_375      |    8   |
|      c_2_reg_391      |    8   |
|      c_3_reg_407      |    8   |
|      i_9_reg_348      |    8   |
|       i_reg_127       |    8   |
|      sum_reg_386      |    9   |
|    tmp_162_reg_339    |    9   |
|    tmp_180_reg_413    |    8   |
|      tmp_reg_353      |   10   |
+-----------------------+--------+
|         Total         |   136  |
+-----------------------+--------+

* Multiplexer (MUX) list: 
|-------------------|------|------|------|--------||---------||---------|
|        Comp       |  Pin | Size |  BW  | S x BW ||  Delay  ||   LUT   |
|-------------------|------|------|------|--------||---------||---------|
|  grp_access_fu_55 |  p0  |   6  |  10  |   60   ||    33   |
|  grp_access_fu_55 |  p2  |   6  |   0  |    0   ||    33   |
| grp_access_fu_113 |  p0  |   2  |  11  |   22   ||    9    |
| grp_access_fu_113 |  p1  |   2  |   8  |   16   ||    9    |
|     i_reg_127     |  p0  |   2  |   8  |   16   ||    9    |
|-------------------|------|------|------|--------||---------||---------|
|       Total       |      |      |      |   114  ||  7.564  ||    93   |
|-------------------|------|------|------|--------||---------||---------|



* Summary:
+-----------+--------+--------+--------+
|           |  Delay |   FF   |   LUT  |
+-----------+--------+--------+--------+
|  Function |    -   |    0   |   239  |
|   Memory  |    -   |    -   |    -   |
|Multiplexer|    7   |    -   |   93   |
|  Register |    -   |   136  |    -   |
+-----------+--------+--------+--------+
|   Total   |    7   |   136  |   332  |
+-----------+--------+--------+--------+
