

================================================================
== Vivado HLS Report for 'poly_Sq_frombytes'
================================================================
* Date:           Mon Aug 24 18:56:09 2020

* Version:        2018.3 (Build 2405991 on Thu Dec 06 23:56:15 MST 2018)
* Project:        ntru09
* Solution:       dec
* Product family: artix7
* Target device:  xc7a200tfbg676-2


================================================================
== Performance Estimates
================================================================
+ Timing (ns): 
    * Summary: 
    +--------+-------+----------+------------+
    |  Clock | Target| Estimated| Uncertainty|
    +--------+-------+----------+------------+
    |ap_clk  |  10.00|     6.417|        1.25|
    +--------+-------+----------+------------+

+ Latency (clock cycles): 
    * Summary: 
    +-----+-----+-----+-----+---------+
    |  Latency  |  Interval | Pipeline|
    | min | max | min | max |   Type  |
    +-----+-----+-----+-----+---------+
    |  445|  445|  445|  445|   none  |
    +-----+-----+-----+-----+---------+

    + Detail: 
        * Instance: 
        N/A

        * Loop: 
        +----------+-----+-----+----------+-----------+-----------+------+----------+
        |          |  Latency  | Iteration|  Initiation Interval  | Trip |          |
        | Loop Name| min | max |  Latency |  achieved |   target  | Count| Pipelined|
        +----------+-----+-----+----------+-----------+-----------+------+----------+
        |- Loop 1  |  441|  441|         7|          -|          -|    63|    no    |
        +----------+-----+-----+----------+-----------+-----------+------+----------+



================================================================
== Utilization Estimates
================================================================
* Summary: 
+-----------------+---------+-------+--------+--------+
|       Name      | BRAM_18K| DSP48E|   FF   |   LUT  |
+-----------------+---------+-------+--------+--------+
|DSP              |        -|      -|       -|       -|
|Expression       |        -|      -|       0|     305|
|FIFO             |        -|      -|       -|       -|
|Instance         |        -|      -|       -|       -|
|Memory           |        -|      -|       -|       -|
|Multiplexer      |        -|      -|       -|     314|
|Register         |        -|      -|      80|       -|
+-----------------+---------+-------+--------+--------+
|Total            |        0|      0|      80|     619|
+-----------------+---------+-------+--------+--------+
|Available        |      730|    740|  269200|  129000|
+-----------------+---------+-------+--------+--------+
|Utilization (%)  |        0|      0|   ~0   |   ~0   |
+-----------------+---------+-------+--------+--------+

+ Detail: 
    * Instance: 
    N/A

    * DSP48: 
    N/A

    * Memory: 
    N/A

    * FIFO: 
    N/A

    * Expression: 
    +--------------------+----------+-------+---+----+------------+------------+
    |    Variable Name   | Operation| DSP48E| FF| LUT| Bitwidth P0| Bitwidth P1|
    +--------------------+----------+-------+---+----+------------+------------+
    |next_mul_fu_733_p2  |     +    |      0|  0|  17|           4|          10|
    |tmp_106_fu_812_p2   |     +    |      0|  0|  17|           4|          10|
    |tmp_32_fu_455_p2    |     +    |      0|  0|  17|           1|          10|
    |tmp_42_fu_466_p2    |     +    |      0|  0|  17|           2|          10|
    |tmp_52_fu_544_p2    |     +    |      0|  0|  17|           2|          10|
    |tmp_56_fu_555_p2    |     +    |      0|  0|  17|           3|          10|
    |tmp_65_fu_444_p2    |     +    |      0|  0|  15|           6|           1|
    |tmp_67_fu_618_p2    |     +    |      0|  0|  17|           3|          10|
    |tmp_77_fu_629_p2    |     +    |      0|  0|  17|           3|          10|
    |tmp_87_fu_711_p2    |     +    |      0|  0|  17|           3|          10|
    |tmp_90_fu_722_p2    |     +    |      0|  0|  17|           4|          10|
    |tmp_99_fu_801_p2    |     +    |      0|  0|  17|           4|          10|
    |exitcond_fu_438_p2  |   icmp   |      0|  0|  11|           6|           2|
    |tmp_103_fu_839_p2   |    or    |      0|  0|   9|           9|           3|
    |tmp_109_fu_872_p2   |    or    |      0|  0|   9|           9|           3|
    |tmp_48_fu_523_p2    |    or    |      0|  0|   9|           9|           1|
    |tmp_63_fu_608_p2    |    or    |      0|  0|   9|           9|           2|
    |tmp_70_fu_933_p2    |    or    |      0|  0|  10|          10|          10|
    |tmp_73_fu_656_p2    |    or    |      0|  0|   9|           9|           2|
    |tmp_79_fu_589_p2    |    or    |      0|  0|  10|          10|          10|
    |tmp_83_fu_693_p2    |    or    |      0|  0|   9|           9|           3|
    |tmp_94_fu_762_p2    |    or    |      0|  0|   9|           9|           9|
    |tmp_96_fu_781_p2    |    or    |      0|  0|   9|           9|           3|
    +--------------------+----------+-------+---+----+------------+------------+
    |Total               |          |      0|  0| 305|         137|         159|
    +--------------------+----------+-------+---+----+------------+------------+

    * Multiplexer: 
    +-------------------+----+-----------+-----+-----------+
    |        Name       | LUT| Input Size| Bits| Total Bits|
    +-------------------+----+-----------+-----+-----------+
    |a_address0         |  47|         10|   10|        100|
    |a_address1         |  44|          9|   10|         90|
    |ap_NS_fsm          |  53|         12|    1|         12|
    |i_reg_394          |   9|          2|    6|         12|
    |phi_mul_reg_406    |   9|          2|   10|         20|
    |r_coeffs_address0  |  38|          7|    9|         63|
    |r_coeffs_address1  |  38|          7|    9|         63|
    |r_coeffs_d0        |  38|          7|   16|        112|
    |r_coeffs_d1        |  38|          7|   16|        112|
    +-------------------+----+-----------+-----+-----------+
    |Total              | 314|         63|   87|        584|
    +-------------------+----+-----------+-----+-----------+

    * Register: 
    +-------------------+----+----+-----+-----------+
    |        Name       | FF | LUT| Bits| Const Bits|
    +-------------------+----+----+-----+-----------+
    |a_load_9_reg_1007  |   8|   0|    8|          0|
    |ap_CS_fsm          |  11|   0|   11|          0|
    |i_reg_394          |   6|   0|    6|          0|
    |next_mul_reg_1077  |  10|   0|   10|          0|
    |phi_mul_reg_406    |  10|   0|   10|          0|
    |tmp_111_reg_1062   |   1|   0|    1|          0|
    |tmp_38_reg_1022    |   6|   0|    9|          3|
    |tmp_51_reg_1032    |   2|   0|    2|          0|
    |tmp_59_reg_1107    |   1|   0|    1|          0|
    |tmp_60_reg_1117    |   6|   0|    6|          0|
    |tmp_65_reg_987     |   6|   0|    6|          0|
    |tmp_66_reg_1047    |   7|   0|    7|          0|
    |tmp_98_reg_1082    |   6|   0|    6|          0|
    +-------------------+----+----+-----+-----------+
    |Total              |  80|   0|   83|          3|
    +-------------------+----+----+-----+-----------+



================================================================
== Interface
================================================================
* Summary: 
+-------------------+-----+-----+------------+-------------------+--------------+
|     RTL Ports     | Dir | Bits|  Protocol  |   Source Object   |    C Type    |
+-------------------+-----+-----+------------+-------------------+--------------+
|ap_clk             |  in |    1| ap_ctrl_hs | poly_Sq_frombytes | return value |
|ap_rst             |  in |    1| ap_ctrl_hs | poly_Sq_frombytes | return value |
|ap_start           |  in |    1| ap_ctrl_hs | poly_Sq_frombytes | return value |
|ap_done            | out |    1| ap_ctrl_hs | poly_Sq_frombytes | return value |
|ap_idle            | out |    1| ap_ctrl_hs | poly_Sq_frombytes | return value |
|ap_ready           | out |    1| ap_ctrl_hs | poly_Sq_frombytes | return value |
|r_coeffs_address0  | out |    9|  ap_memory |      r_coeffs     |     array    |
|r_coeffs_ce0       | out |    1|  ap_memory |      r_coeffs     |     array    |
|r_coeffs_we0       | out |    1|  ap_memory |      r_coeffs     |     array    |
|r_coeffs_d0        | out |   16|  ap_memory |      r_coeffs     |     array    |
|r_coeffs_address1  | out |    9|  ap_memory |      r_coeffs     |     array    |
|r_coeffs_ce1       | out |    1|  ap_memory |      r_coeffs     |     array    |
|r_coeffs_we1       | out |    1|  ap_memory |      r_coeffs     |     array    |
|r_coeffs_d1        | out |   16|  ap_memory |      r_coeffs     |     array    |
|a_address0         | out |   10|  ap_memory |         a         |     array    |
|a_ce0              | out |    1|  ap_memory |         a         |     array    |
|a_q0               |  in |    8|  ap_memory |         a         |     array    |
|a_address1         | out |   10|  ap_memory |         a         |     array    |
|a_ce1              | out |    1|  ap_memory |         a         |     array    |
|a_q1               |  in |    8|  ap_memory |         a         |     array    |
+-------------------+-----+-----+------------+-------------------+--------------+

