Report time       : Mon Aug 24 21:42:02 EDT 2020.
Solution          : Keypair.
Simulation tool   : xsim.

+----------+----------+-----------------------------------------------+-----------------------------------------------+
|          |          |                    Latency                    |                    Interval                   |
+   RTL    +  Status  +-----------------------------------------------+-----------------------------------------------+
|          |          |      min      |      avg      |      max      |      min      |      avg      |      max      |
+----------+----------+-----------------------------------------------+-----------------------------------------------+
|      VHDL|        NA|             NA|             NA|             NA|             NA|             NA|             NA|
|   Verilog|      Pass|       28302557|       28302557|       28302557|       28302558|       28302558|       28302558|
+----------+----------+-----------------------------------------------+-----------------------------------------------+
