

================================================================
== Vivado HLS Report for 'poly_Sq_frombytes_1'
================================================================
* Date:           Tue Aug 25 09:28:00 2020

* Version:        2018.3 (Build 2405991 on Thu Dec 06 23:56:15 MST 2018)
* Project:        ntru77
* Solution:       dec
* Product family: artix7
* Target device:  xc7a200tfbg676-2


================================================================
== Performance Estimates
================================================================
+ Timing (ns): 
    * Summary: 
    +--------+-------+----------+------------+
    |  Clock | Target| Estimated| Uncertainty|
    +--------+-------+----------+------------+
    |ap_clk  |  10.00|     6.417|        1.25|
    +--------+-------+----------+------------+

+ Latency (clock cycles): 
    * Summary: 
    +-----+-----+-----+-----+---------+
    |  Latency  |  Interval | Pipeline|
    | min | max | min | max |   Type  |
    +-----+-----+-----+-----+---------+
    |  592|  592|  592|  592|   none  |
    +-----+-----+-----+-----+---------+

    + Detail: 
        * Instance: 
        N/A

        * Loop: 
        +----------+-----+-----+----------+-----------+-----------+------+----------+
        |          |  Latency  | Iteration|  Initiation Interval  | Trip |          |
        | Loop Name| min | max |  Latency |  achieved |   target  | Count| Pipelined|
        +----------+-----+-----+----------+-----------+-----------+------+----------+
        |- Loop 1  |  588|  588|         7|          -|          -|    84|    no    |
        +----------+-----+-----+----------+-----------+-----------+------+----------+



================================================================
== Utilization Estimates
================================================================
* Summary: 
+-----------------+---------+-------+--------+--------+
|       Name      | BRAM_18K| DSP48E|   FF   |   LUT  |
+-----------------+---------+-------+--------+--------+
|DSP              |        -|      -|       -|       -|
|Expression       |        -|      -|       0|     510|
|FIFO             |        -|      -|       -|       -|
|Instance         |        -|      -|       -|       -|
|Memory           |        -|      -|       -|       -|
|Multiplexer      |        -|      -|       -|     314|
|Register         |        -|      -|      83|       -|
+-----------------+---------+-------+--------+--------+
|Total            |        0|      0|      83|     824|
+-----------------+---------+-------+--------+--------+
|Available        |      730|    740|  269200|  129000|
+-----------------+---------+-------+--------+--------+
|Utilization (%)  |        0|      0|   ~0   |   ~0   |
+-----------------+---------+-------+--------+--------+

+ Detail: 
    * Instance: 
    N/A

    * DSP48: 
    N/A

    * Memory: 
    N/A

    * FIFO: 
    N/A

    * Expression: 
    +--------------------+----------+-------+---+----+------------+------------+
    |    Variable Name   | Operation| DSP48E| FF| LUT| Bitwidth P0| Bitwidth P1|
    +--------------------+----------+-------+---+----+------------+------------+
    |next_mul_fu_811_p2  |     +    |      0|  0|  17|           4|          10|
    |sum10_fu_910_p2     |     +    |      0|  0|  18|           9|          11|
    |sum1_fu_666_p2      |     +    |      0|  0|  18|           9|          11|
    |sum2_fu_463_p2      |     +    |      0|  0|  18|           9|          11|
    |sum3_fu_687_p2      |     +    |      0|  0|  18|           9|          11|
    |sum4_fu_484_p2      |     +    |      0|  0|  18|           9|          11|
    |sum5_fu_779_p2      |     +    |      0|  0|  18|           9|          11|
    |sum6_fu_572_p2      |     +    |      0|  0|  18|           9|          11|
    |sum7_fu_800_p2      |     +    |      0|  0|  18|           9|          11|
    |sum8_fu_593_p2      |     +    |      0|  0|  18|           9|          11|
    |sum9_fu_889_p2      |     +    |      0|  0|  18|           9|          11|
    |sum_fu_442_p2       |     +    |      0|  0|  18|           9|          11|
    |tmp_16_fu_453_p2    |     +    |      0|  0|  17|           1|          10|
    |tmp_23_fu_474_p2    |     +    |      0|  0|  17|           2|          10|
    |tmp_30_fu_562_p2    |     +    |      0|  0|  17|           2|          10|
    |tmp_32_fu_583_p2    |     +    |      0|  0|  17|           3|          10|
    |tmp_40_fu_656_p2    |     +    |      0|  0|  17|           3|          10|
    |tmp_46_fu_677_p2    |     +    |      0|  0|  17|           3|          10|
    |tmp_4_fu_432_p2     |     +    |      0|  0|  15|           7|           1|
    |tmp_53_fu_769_p2    |     +    |      0|  0|  17|           3|          10|
    |tmp_55_fu_790_p2    |     +    |      0|  0|  17|           4|          10|
    |tmp_63_fu_879_p2    |     +    |      0|  0|  17|           4|          10|
    |tmp_69_fu_900_p2    |     +    |      0|  0|  17|           4|          10|
    |exitcond_fu_426_p2  |   icmp   |      0|  0|  11|           7|           7|
    |tmp_26_fu_541_p2    |    or    |      0|  0|  10|          10|           1|
    |tmp_35_fu_627_p2    |    or    |      0|  0|  10|          10|          10|
    |tmp_37_fu_646_p2    |    or    |      0|  0|  10|          10|           2|
    |tmp_43_fu_714_p2    |    or    |      0|  0|  10|          10|           2|
    |tmp_49_fu_751_p2    |    or    |      0|  0|  10|          10|           3|
    |tmp_58_fu_840_p2    |    or    |      0|  0|   9|           9|           9|
    |tmp_60_fu_859_p2    |    or    |      0|  0|  10|          10|           3|
    |tmp_66_fu_937_p2    |    or    |      0|  0|  10|          10|           3|
    |tmp_71_fu_970_p2    |    or    |      0|  0|  10|          10|           3|
    |tmp_7_fu_1031_p2    |    or    |      0|  0|  10|          10|          10|
    +--------------------+----------+-------+---+----+------------+------------+
    |Total               |          |      0|  0| 510|         245|         285|
    +--------------------+----------+-------+---+----+------------+------------+

    * Multiplexer: 
    +-------------------+----+-----------+-----+-----------+
    |        Name       | LUT| Input Size| Bits| Total Bits|
    +-------------------+----+-----------+-----+-----------+
    |a_address0         |  47|         10|   11|        110|
    |a_address1         |  44|          9|   11|         99|
    |ap_NS_fsm          |  53|         12|    1|         12|
    |i_reg_382          |   9|          2|    7|         14|
    |phi_mul_reg_394    |   9|          2|   10|         20|
    |r_coeffs_address0  |  38|          7|   10|         70|
    |r_coeffs_address1  |  38|          7|   10|         70|
    |r_coeffs_d0        |  38|          7|   16|        112|
    |r_coeffs_d1        |  38|          7|   16|        112|
    +-------------------+----+-----------+-----+-----------+
    |Total              | 314|         63|   92|        619|
    +-------------------+----+-----------+-----+-----------+

    * Register: 
    +-------------------+----+----+-----+-----------+
    |        Name       | FF | LUT| Bits| Const Bits|
    +-------------------+----+----+-----+-----------+
    |a_load_6_reg_1105  |   8|   0|    8|          0|
    |ap_CS_fsm          |  11|   0|   11|          0|
    |i_reg_382          |   7|   0|    7|          0|
    |next_mul_reg_1175  |  10|   0|   10|          0|
    |phi_mul_reg_394    |  10|   0|   10|          0|
    |tmp_10_reg_1205    |   1|   0|    1|          0|
    |tmp_12_reg_1215    |   6|   0|    6|          0|
    |tmp_20_reg_1120    |   7|   0|   10|          3|
    |tmp_28_reg_1130    |   2|   0|    2|          0|
    |tmp_39_reg_1145    |   7|   0|    7|          0|
    |tmp_4_reg_1085     |   7|   0|    7|          0|
    |tmp_51_reg_1160    |   1|   0|    1|          0|
    |tmp_62_reg_1180    |   6|   0|    6|          0|
    +-------------------+----+----+-----+-----------+
    |Total              |  83|   0|   86|          3|
    +-------------------+----+----+-----+-----------+



================================================================
== Interface
================================================================
* Summary: 
+-------------------+-----+-----+------------+---------------------+--------------+
|     RTL Ports     | Dir | Bits|  Protocol  |    Source Object    |    C Type    |
+-------------------+-----+-----+------------+---------------------+--------------+
|ap_clk             |  in |    1| ap_ctrl_hs | poly_Sq_frombytes.1 | return value |
|ap_rst             |  in |    1| ap_ctrl_hs | poly_Sq_frombytes.1 | return value |
|ap_start           |  in |    1| ap_ctrl_hs | poly_Sq_frombytes.1 | return value |
|ap_done            | out |    1| ap_ctrl_hs | poly_Sq_frombytes.1 | return value |
|ap_idle            | out |    1| ap_ctrl_hs | poly_Sq_frombytes.1 | return value |
|ap_ready           | out |    1| ap_ctrl_hs | poly_Sq_frombytes.1 | return value |
|r_coeffs_address0  | out |   10|  ap_memory |       r_coeffs      |     array    |
|r_coeffs_ce0       | out |    1|  ap_memory |       r_coeffs      |     array    |
|r_coeffs_we0       | out |    1|  ap_memory |       r_coeffs      |     array    |
|r_coeffs_d0        | out |   16|  ap_memory |       r_coeffs      |     array    |
|r_coeffs_address1  | out |   10|  ap_memory |       r_coeffs      |     array    |
|r_coeffs_ce1       | out |    1|  ap_memory |       r_coeffs      |     array    |
|r_coeffs_we1       | out |    1|  ap_memory |       r_coeffs      |     array    |
|r_coeffs_d1        | out |   16|  ap_memory |       r_coeffs      |     array    |
|a_address0         | out |   11|  ap_memory |          a          |     array    |
|a_ce0              | out |    1|  ap_memory |          a          |     array    |
|a_q0               |  in |    8|  ap_memory |          a          |     array    |
|a_address1         | out |   11|  ap_memory |          a          |     array    |
|a_ce1              | out |    1|  ap_memory |          a          |     array    |
|a_q1               |  in |    8|  ap_memory |          a          |     array    |
+-------------------+-----+-----+------------+---------------------+--------------+

