

================================================================
== Vivado HLS Report for 'keccak_absorb'
================================================================
* Date:           Tue Aug 25 11:15:24 2020

* Version:        2018.3 (Build 2405991 on Thu Dec 06 23:56:15 MST 2018)
* Project:        ntru77
* Solution:       enc
* Product family: artix7
* Target device:  xc7a200tfbg676-2


================================================================
== Performance Estimates
================================================================
+ Timing (ns): 
    * Summary: 
    +--------+-------+----------+------------+
    |  Clock | Target| Estimated| Uncertainty|
    +--------+-------+----------+------------+
    |ap_clk  |  10.00|     6.812|        1.25|
    +--------+-------+----------+------------+

+ Latency (clock cycles): 
    * Summary: 
    +------+------+------+------+---------+
    |   Latency   |   Interval  | Pipeline|
    |  min |  max |  min |  max |   Type  |
    +------+------+------+------+---------+
    |  1241|  1241|  1241|  1241|   none  |
    +------+------+------+------+---------+

    + Detail: 
        * Instance: 
        +---------------------------------+----------------------+-----+-----+-----+-----+---------+
        |                                 |                      |  Latency  |  Interval | Pipeline|
        |             Instance            |        Module        | min | max | min | max |   Type  |
        +---------------------------------+----------------------+-----+-----+-----+-----+---------+
        |grp_KeccakF1600_StatePer_fu_268  |KeccakF1600_StatePer  |   50|   50|   50|   50|   none  |
        +---------------------------------+----------------------+-----+-----+-----+-----+---------+

        * Loop: 
        +-----------------+-----+-----+----------+-----------+-----------+------+----------+
        |                 |  Latency  | Iteration|  Initiation Interval  | Trip |          |
        |    Loop Name    | min | max |  Latency |  achieved |   target  | Count| Pipelined|
        +-----------------+-----+-----+----------+-----------+-----------+------+----------+
        |- Loop 1         |   25|   25|         1|          -|          -|    25|    no    |
        |- Loop 2         |  752|  752|       376|          -|          -|     2|    no    |
        | + Loop 2.1      |  323|  323|        19|          -|          -|    17|    no    |
        |  ++ Loop 2.1.1  |   16|   16|         2|          -|          -|     8|    no    |
        |- Loop 3         |  136|  136|         1|          -|          -|   136|    no    |
        |- Loop 4         |  323|  323|        19|          -|          -|    17|    no    |
        | + Loop 4.1      |   16|   16|         2|          -|          -|     8|    no    |
        +-----------------+-----+-----+----------+-----------+-----------+------+----------+



================================================================
== Utilization Estimates
================================================================
* Summary: 
+-----------------+---------+-------+--------+--------+
|       Name      | BRAM_18K| DSP48E|   FF   |   LUT  |
+-----------------+---------+-------+--------+--------+
|DSP              |        -|      -|       -|       -|
|Expression       |        -|      -|       0|     859|
|FIFO             |        -|      -|       -|       -|
|Instance         |        2|      -|    3110|   16883|
|Memory           |        1|      -|       0|       0|
|Multiplexer      |        -|      -|       -|     316|
|Register         |        -|      -|     249|       -|
+-----------------+---------+-------+--------+--------+
|Total            |        3|      0|    3359|   18058|
+-----------------+---------+-------+--------+--------+
|Available        |      730|    740|  269200|  129000|
+-----------------+---------+-------+--------+--------+
|Utilization (%)  |    ~0   |      0|       1|      13|
+-----------------+---------+-------+--------+--------+

+ Detail: 
    * Instance: 
    +---------------------------------+----------------------+---------+-------+------+-------+
    |             Instance            |        Module        | BRAM_18K| DSP48E|  FF  |  LUT  |
    +---------------------------------+----------------------+---------+-------+------+-------+
    |grp_KeccakF1600_StatePer_fu_268  |KeccakF1600_StatePer  |        2|      0|  3110|  16883|
    +---------------------------------+----------------------+---------+-------+------+-------+
    |Total                            |                      |        2|      0|  3110|  16883|
    +---------------------------------+----------------------+---------+-------+------+-------+

    * DSP48: 
    N/A

    * Memory: 
    +-------+-----------------+---------+---+----+------+-----+------+-------------+
    | Memory|      Module     | BRAM_18K| FF| LUT| Words| Bits| Banks| W*Bits*Banks|
    +-------+-----------------+---------+---+----+------+-----+------+-------------+
    |t_U    |keccak_absorb_t  |        1|  0|   0|   200|    8|     1|         1600|
    +-------+-----------------+---------+---+----+------+-----+------+-------------+
    |Total  |                 |        1|  0|   0|   200|    8|     1|         1600|
    +-------+-----------------+---------+---+----+------+-----+------+-------------+

    * FIFO: 
    N/A

    * Expression: 
    +---------------------------+----------+-------+---+-----+------------+------------+
    |       Variable Name       | Operation| DSP48E| FF| LUT | Bitwidth P0| Bitwidth P1|
    +---------------------------+----------+-------+---+-----+------------+------------+
    |i_18_fu_287_p2             |     +    |      0|  0|   15|           5|           1|
    |i_20_fu_421_p2             |     +    |      0|  0|   15|           8|           1|
    |i_21_fu_444_p2             |     +    |      0|  0|   15|           5|           1|
    |i_3_fu_309_p2              |     +    |      0|  0|   15|           5|           1|
    |i_5_fu_343_p2              |     +    |      0|  0|   13|           4|           1|
    |i_6_fu_468_p2              |     +    |      0|  0|   13|           4|           1|
    |indvars_iv_next_fu_327_p2  |     +    |      0|  0|   16|           9|           9|
    |p_rec_fu_404_p2            |     +    |      0|  0|   16|           9|           8|
    |sum_i1_fu_474_p2           |     +    |      0|  0|   15|           8|           8|
    |sum_i_fu_355_p2            |     +    |      0|  0|    9|           9|           9|
    |tmp1_fu_349_p2             |     +    |      0|  0|    9|           9|           9|
    |exitcond3_fu_415_p2        |   icmp   |      0|  0|   11|           8|           8|
    |exitcond4_fu_303_p2        |   icmp   |      0|  0|   11|           5|           5|
    |exitcond_fu_438_p2         |   icmp   |      0|  0|   11|           5|           5|
    |tmp_fu_281_p2              |   icmp   |      0|  0|   11|           5|           4|
    |tmp_i2_fu_462_p2           |   icmp   |      0|  0|   11|           4|           5|
    |tmp_i_fu_337_p2            |   icmp   |      0|  0|   11|           4|           5|
    |tmp_s_fu_293_p2            |   icmp   |      0|  0|   13|           9|           8|
    |r_3_fu_510_p2              |    or    |      0|  0|   64|          64|          64|
    |r_fu_391_p2                |    or    |      0|  0|   64|          64|          64|
    |t_d1                       |    or    |      0|  0|    9|           8|           9|
    |tmp_347_i_fu_385_p2        |    shl   |      0|  0|  182|          64|          64|
    |tmp_349_i_fu_504_p2        |    shl   |      0|  0|  182|          64|          64|
    |tmp_213_fu_397_p2          |    xor   |      0|  0|   64|          64|          64|
    |tmp_214_fu_516_p2          |    xor   |      0|  0|   64|          64|          64|
    +---------------------------+----------+-------+---+-----+------------+------------+
    |Total                      |          |      0|  0|  859|         507|         482|
    +---------------------------+----------+-------+---+-----+------------+------------+

    * Multiplexer: 
    +------------------+----+-----------+-----+-----------+
    |       Name       | LUT| Input Size| Bits| Total Bits|
    +------------------+----+-----------+-----+-----------+
    |ap_NS_fsm         |  62|         15|    1|         15|
    |i_19_reg_163      |   9|          2|    9|         18|
    |i_1_reg_187       |   9|          2|    5|         10|
    |i_2_reg_222       |   9|          2|    8|         16|
    |i_4_reg_233       |   9|          2|    5|         10|
    |i_i2_reg_256      |   9|          2|    4|          8|
    |i_i_reg_210       |   9|          2|    4|          8|
    |i_reg_152         |   9|          2|    5|         10|
    |p_01_rec_reg_175  |   9|          2|    9|         18|
    |r_i1_reg_244      |   9|          2|   64|        128|
    |r_i_reg_198       |   9|          2|   64|        128|
    |s_address0        |  38|          7|    5|         35|
    |s_ce0             |  15|          3|    1|          3|
    |s_ce1             |   9|          2|    1|          2|
    |s_d0              |  27|          5|   64|        320|
    |s_we0             |  15|          3|    1|          3|
    |s_we1             |   9|          2|    1|          2|
    |t_address0        |  21|          4|    8|         32|
    |t_address1        |  15|          3|    8|         24|
    |t_d0              |  15|          3|    8|         24|
    +------------------+----+-----------+-----+-----------+
    |Total             | 316|         67|  275|        814|
    +------------------+----+-----------+-----+-----------+

    * Register: 
    +----------------------------------------------+----+----+-----+-----------+
    |                     Name                     | FF | LUT| Bits| Const Bits|
    +----------------------------------------------+----+----+-----+-----------+
    |ap_CS_fsm                                     |  14|   0|   14|          0|
    |grp_KeccakF1600_StatePer_fu_268_ap_start_reg  |   1|   0|    1|          0|
    |i_19_reg_163                                  |   9|   0|    9|          0|
    |i_1_cast_reg_534                              |   5|   0|   64|         59|
    |i_1_reg_187                                   |   5|   0|    5|          0|
    |i_21_reg_607                                  |   5|   0|    5|          0|
    |i_2_reg_222                                   |   8|   0|    8|          0|
    |i_3_reg_542                                   |   5|   0|    5|          0|
    |i_4_cast5_reg_599                             |   5|   0|   64|         59|
    |i_4_reg_233                                   |   5|   0|    5|          0|
    |i_5_reg_560                                   |   4|   0|    4|          0|
    |i_6_reg_620                                   |   4|   0|    4|          0|
    |i_i2_reg_256                                  |   4|   0|    4|          0|
    |i_i_reg_210                                   |   4|   0|    4|          0|
    |i_reg_152                                     |   5|   0|    5|          0|
    |indvars_iv_next_reg_552                       |   9|   0|    9|          0|
    |p_01_rec_reg_175                              |   9|   0|    9|          0|
    |r_i1_reg_244                                  |  64|   0|   64|          0|
    |r_i_reg_198                                   |  64|   0|   64|          0|
    |s_addr_7_reg_570                              |   5|   0|    5|          0|
    |s_addr_8_reg_630                              |   5|   0|    5|          0|
    |tmp_212_reg_612                               |   5|   0|    8|          3|
    |tmp_344_cast_reg_547                          |   5|   0|    9|          4|
    +----------------------------------------------+----+----+-----+-----------+
    |Total                                         | 249|   0|  374|        125|
    +----------------------------------------------+----+----+-----+-----------+



================================================================
== Interface
================================================================
* Summary: 
+------------+-----+-----+------------+---------------+--------------+
|  RTL Ports | Dir | Bits|  Protocol  | Source Object |    C Type    |
+------------+-----+-----+------------+---------------+--------------+
|ap_clk      |  in |    1| ap_ctrl_hs | keccak_absorb | return value |
|ap_rst      |  in |    1| ap_ctrl_hs | keccak_absorb | return value |
|ap_start    |  in |    1| ap_ctrl_hs | keccak_absorb | return value |
|ap_done     | out |    1| ap_ctrl_hs | keccak_absorb | return value |
|ap_idle     | out |    1| ap_ctrl_hs | keccak_absorb | return value |
|ap_ready    | out |    1| ap_ctrl_hs | keccak_absorb | return value |
|s_address0  | out |    5|  ap_memory |       s       |     array    |
|s_ce0       | out |    1|  ap_memory |       s       |     array    |
|s_we0       | out |    1|  ap_memory |       s       |     array    |
|s_d0        | out |   64|  ap_memory |       s       |     array    |
|s_q0        |  in |   64|  ap_memory |       s       |     array    |
|s_address1  | out |    5|  ap_memory |       s       |     array    |
|s_ce1       | out |    1|  ap_memory |       s       |     array    |
|s_we1       | out |    1|  ap_memory |       s       |     array    |
|s_d1        | out |   64|  ap_memory |       s       |     array    |
|s_q1        |  in |   64|  ap_memory |       s       |     array    |
|m_address0  | out |    9|  ap_memory |       m       |     array    |
|m_ce0       | out |    1|  ap_memory |       m       |     array    |
|m_q0        |  in |    8|  ap_memory |       m       |     array    |
+------------+-----+-----+------------+---------------+--------------+

