

================================================================
== Vivado HLS Report for 'poly_Sq_frombytes'
================================================================
* Date:           Tue Aug 25 11:15:27 2020

* Version:        2018.3 (Build 2405991 on Thu Dec 06 23:56:15 MST 2018)
* Project:        ntru77
* Solution:       enc
* Product family: artix7
* Target device:  xc7a200tfbg676-2


================================================================
== Performance Estimates
================================================================
+ Timing (ns): 
    * Summary: 
    +--------+-------+----------+------------+
    |  Clock | Target| Estimated| Uncertainty|
    +--------+-------+----------+------------+
    |ap_clk  |  10.00|     6.417|        1.25|
    +--------+-------+----------+------------+

+ Latency (clock cycles): 
    * Summary: 
    +-----+-----+-----+-----+---------+
    |  Latency  |  Interval | Pipeline|
    | min | max | min | max |   Type  |
    +-----+-----+-----+-----+---------+
    |  592|  592|  592|  592|   none  |
    +-----+-----+-----+-----+---------+

    + Detail: 
        * Instance: 
        N/A

        * Loop: 
        +----------+-----+-----+----------+-----------+-----------+------+----------+
        |          |  Latency  | Iteration|  Initiation Interval  | Trip |          |
        | Loop Name| min | max |  Latency |  achieved |   target  | Count| Pipelined|
        +----------+-----+-----+----------+-----------+-----------+------+----------+
        |- Loop 1  |  588|  588|         7|          -|          -|    84|    no    |
        +----------+-----+-----+----------+-----------+-----------+------+----------+



================================================================
== Utilization Estimates
================================================================
* Summary: 
+-----------------+---------+-------+--------+--------+
|       Name      | BRAM_18K| DSP48E|   FF   |   LUT  |
+-----------------+---------+-------+--------+--------+
|DSP              |        -|      -|       -|       -|
|Expression       |        -|      -|       0|     312|
|FIFO             |        -|      -|       -|       -|
|Instance         |        -|      -|       -|       -|
|Memory           |        -|      -|       -|       -|
|Multiplexer      |        -|      -|       -|     314|
|Register         |        -|      -|      83|       -|
+-----------------+---------+-------+--------+--------+
|Total            |        0|      0|      83|     626|
+-----------------+---------+-------+--------+--------+
|Available        |      730|    740|  269200|  129000|
+-----------------+---------+-------+--------+--------+
|Utilization (%)  |        0|      0|   ~0   |   ~0   |
+-----------------+---------+-------+--------+--------+

+ Detail: 
    * Instance: 
    N/A

    * DSP48: 
    N/A

    * Memory: 
    N/A

    * FIFO: 
    N/A

    * Expression: 
    +--------------------+----------+-------+---+----+------------+------------+
    |    Variable Name   | Operation| DSP48E| FF| LUT| Bitwidth P0| Bitwidth P1|
    +--------------------+----------+-------+---+----+------------+------------+
    |next_mul_fu_719_p2  |     +    |      0|  0|  17|           4|          10|
    |tmp_101_fu_430_p2   |     +    |      0|  0|  15|           7|           1|
    |tmp_103_fu_441_p2   |     +    |      0|  0|  17|           1|          10|
    |tmp_109_fu_452_p2   |     +    |      0|  0|  17|           2|          10|
    |tmp_115_fu_530_p2   |     +    |      0|  0|  17|           2|          10|
    |tmp_118_fu_541_p2   |     +    |      0|  0|  17|           3|          10|
    |tmp_124_fu_604_p2   |     +    |      0|  0|  17|           3|          10|
    |tmp_131_fu_615_p2   |     +    |      0|  0|  17|           3|          10|
    |tmp_139_fu_697_p2   |     +    |      0|  0|  17|           3|          10|
    |tmp_142_fu_708_p2   |     +    |      0|  0|  17|           4|          10|
    |tmp_148_fu_787_p2   |     +    |      0|  0|  17|           4|          10|
    |tmp_155_fu_798_p2   |     +    |      0|  0|  17|           4|          10|
    |exitcond_fu_424_p2  |   icmp   |      0|  0|  11|           7|           7|
    |tmp_112_fu_509_p2   |    or    |      0|  0|  10|          10|           1|
    |tmp_121_fu_594_p2   |    or    |      0|  0|  10|          10|           2|
    |tmp_128_fu_642_p2   |    or    |      0|  0|  10|          10|           2|
    |tmp_135_fu_679_p2   |    or    |      0|  0|  10|          10|           3|
    |tmp_145_fu_767_p2   |    or    |      0|  0|  10|          10|           3|
    |tmp_152_fu_825_p2   |    or    |      0|  0|  10|          10|           3|
    |tmp_158_fu_858_p2   |    or    |      0|  0|  10|          10|           3|
    |tmp_27_fu_919_p2    |    or    |      0|  0|  10|          10|          10|
    |tmp_38_fu_575_p2    |    or    |      0|  0|  10|          10|          10|
    |tmp_45_fu_748_p2    |    or    |      0|  0|   9|           9|           9|
    +--------------------+----------+-------+---+----+------------+------------+
    |Total               |          |      0|  0| 312|         146|         164|
    +--------------------+----------+-------+---+----+------------+------------+

    * Multiplexer: 
    +-------------------+----+-----------+-----+-----------+
    |        Name       | LUT| Input Size| Bits| Total Bits|
    +-------------------+----+-----------+-----+-----------+
    |a_address0         |  47|         10|   10|        100|
    |a_address1         |  44|          9|   10|         90|
    |ap_NS_fsm          |  53|         12|    1|         12|
    |i_reg_380          |   9|          2|    7|         14|
    |phi_mul_reg_392    |   9|          2|   10|         20|
    |r_coeffs_address0  |  38|          7|   10|         70|
    |r_coeffs_address1  |  38|          7|   10|         70|
    |r_coeffs_d0        |  38|          7|   16|        112|
    |r_coeffs_d1        |  38|          7|   16|        112|
    +-------------------+----+-----------+-----+-----------+
    |Total              | 314|         63|   90|        600|
    +-------------------+----+-----------+-----+-----------+

    * Register: 
    +-------------------+----+----+-----+-----------+
    |        Name       | FF | LUT| Bits| Const Bits|
    +-------------------+----+----+-----+-----------+
    |a_load_6_reg_993   |   8|   0|    8|          0|
    |ap_CS_fsm          |  11|   0|   11|          0|
    |i_reg_380          |   7|   0|    7|          0|
    |next_mul_reg_1063  |  10|   0|   10|          0|
    |phi_mul_reg_392    |  10|   0|   10|          0|
    |tmp_101_reg_973    |   7|   0|    7|          0|
    |tmp_106_reg_1008   |   7|   0|   10|          3|
    |tmp_114_reg_1018   |   2|   0|    2|          0|
    |tmp_123_reg_1033   |   7|   0|    7|          0|
    |tmp_126_reg_1093   |   1|   0|    1|          0|
    |tmp_133_reg_1103   |   6|   0|    6|          0|
    |tmp_147_reg_1068   |   6|   0|    6|          0|
    |tmp_164_reg_1048   |   1|   0|    1|          0|
    +-------------------+----+----+-----+-----------+
    |Total              |  83|   0|   86|          3|
    +-------------------+----+----+-----+-----------+



================================================================
== Interface
================================================================
* Summary: 
+-------------------+-----+-----+------------+-------------------+--------------+
|     RTL Ports     | Dir | Bits|  Protocol  |   Source Object   |    C Type    |
+-------------------+-----+-----+------------+-------------------+--------------+
|ap_clk             |  in |    1| ap_ctrl_hs | poly_Sq_frombytes | return value |
|ap_rst             |  in |    1| ap_ctrl_hs | poly_Sq_frombytes | return value |
|ap_start           |  in |    1| ap_ctrl_hs | poly_Sq_frombytes | return value |
|ap_done            | out |    1| ap_ctrl_hs | poly_Sq_frombytes | return value |
|ap_idle            | out |    1| ap_ctrl_hs | poly_Sq_frombytes | return value |
|ap_ready           | out |    1| ap_ctrl_hs | poly_Sq_frombytes | return value |
|r_coeffs_address0  | out |   10|  ap_memory |      r_coeffs     |     array    |
|r_coeffs_ce0       | out |    1|  ap_memory |      r_coeffs     |     array    |
|r_coeffs_we0       | out |    1|  ap_memory |      r_coeffs     |     array    |
|r_coeffs_d0        | out |   16|  ap_memory |      r_coeffs     |     array    |
|r_coeffs_address1  | out |   10|  ap_memory |      r_coeffs     |     array    |
|r_coeffs_ce1       | out |    1|  ap_memory |      r_coeffs     |     array    |
|r_coeffs_we1       | out |    1|  ap_memory |      r_coeffs     |     array    |
|r_coeffs_d1        | out |   16|  ap_memory |      r_coeffs     |     array    |
|a_address0         | out |   10|  ap_memory |         a         |     array    |
|a_ce0              | out |    1|  ap_memory |         a         |     array    |
|a_q0               |  in |    8|  ap_memory |         a         |     array    |
|a_address1         | out |   10|  ap_memory |         a         |     array    |
|a_ce1              | out |    1|  ap_memory |         a         |     array    |
|a_q1               |  in |    8|  ap_memory |         a         |     array    |
+-------------------+-----+-----+------------+-------------------+--------------+

